[{"stream_name":"stderr","time":5.831767271,"data":"/usr/local/lib/python3.12/dist-packages/nbformat/__init__.py:96: MissingIDFieldWarning: Cell is missing an id field, this will become a hard error in future nbformat versions. You may want to use `normalize()` on your notebooks before validations (available since nbformat 5.1.4). Previous versions of nbformat are fixing this issue transparently, and will stop doing so in the future.\n"}
,{"stream_name":"stderr","time":5.8318323880000005,"data":"  validate(nb)\n"}
,{"stream_name":"stderr","time":6.612454417,"data":"0.00s - Debugger warning: It seems that frozen modules are being used, which may\n"}
,{"stream_name":"stderr","time":6.612484944,"data":"0.00s - make the debugger miss breakpoints. Please pass -Xfrozen_modules=off\n"}
,{"stream_name":"stderr","time":6.6124926550000005,"data":"0.00s - to python to disable frozen modules.\n"}
,{"stream_name":"stderr","time":6.612500989,"data":"0.00s - Note: Debugging will proceed. Set PYDEVD_DISABLE_FILE_VALIDATION=1 to disable this validation.\n"}
,{"stream_name":"stderr","time":7.205818175,"data":"0.00s - Debugger warning: It seems that frozen modules are being used, which may\n"}
,{"stream_name":"stderr","time":7.205854658,"data":"0.00s - make the debugger miss breakpoints. Please pass -Xfrozen_modules=off\n"}
,{"stream_name":"stderr","time":7.205858548,"data":"0.00s - to python to disable frozen modules.\n"}
,{"stream_name":"stderr","time":7.205861139,"data":"0.00s - Note: Debugging will proceed. Set PYDEVD_DISABLE_FILE_VALIDATION=1 to disable this validation.\n"}
,{"stream_name":"stdout","time":8.34125859,"data":"Fri Jul 17 05:52:28 2026       \r\n"}
,{"stream_name":"stdout","time":8.341305466,"data":"+-----------------------------------------------------------------------------------------+\r\n"}
,{"stream_name":"stdout","time":8.341315595,"data":"| NVIDIA-SMI 580.159.04             Driver Version: 580.159.04     CUDA Version: 13.0     |\r\n"}
,{"stream_name":"stdout","time":8.341324513,"data":"+-----------------------------------------+------------------------+----------------------+\r\n"}
,{"stream_name":"stdout","time":8.341332065,"data":"| GPU  Name                 Persistence-M | Bus-Id          Disp.A | Volatile Uncorr. ECC |\r\n"}
,{"stream_name":"stdout","time":8.341341919,"data":"| Fan  Temp   Perf          Pwr:Usage/Cap |           Memory-Usage | GPU-Util  Compute M. |\r\n"}
,{"stream_name":"stdout","time":8.341351095,"data":"|                                         |                        |               MIG M. |\r\n"}
,{"stream_name":"stdout","time":8.341359529,"data":"|=========================================+========================+======================|\r\n"}
,{"stream_name":"stdout","time":8.391991537,"data":"|   0  Tesla T4                       Off |   00000000:00:04.0 Off |                    0 |\r\n"}
,{"stream_name":"stdout","time":8.392023864,"data":"| N/A   47C    P8             12W /   70W |       0MiB /  15360MiB |      0%      Default |\r\n"}
,{"stream_name":"stdout","time":8.392032951000001,"data":"|                                         |                        |                  N/A |\r\n"}
,{"stream_name":"stdout","time":8.392042392,"data":"+-----------------------------------------+------------------------+----------------------+\r\n"}
,{"stream_name":"stdout","time":8.392051417,"data":"|   1  Tesla T4                       Off |   00000000:00:05.0 Off |                    0 |\r\n"}
,{"stream_name":"stdout","time":8.392058798,"data":"| N/A   47C    P8             14W /   70W |       0MiB /  15360MiB |      0%      Default |\r\n"}
,{"stream_name":"stdout","time":8.392074939,"data":"|                                         |                        |                  N/A |\r\n"}
,{"stream_name":"stdout","time":8.392092597,"data":"+-----------------------------------------+------------------------+----------------------+\r\n"}
,{"stream_name":"stdout","time":8.392097817,"data":"\r\n"}
,{"stream_name":"stdout","time":8.392103646,"data":"+-----------------------------------------------------------------------------------------+\r\n"}
,{"stream_name":"stdout","time":8.39210921,"data":"| Processes:                                                                              |\r\n"}
,{"stream_name":"stdout","time":8.39211464,"data":"|  GPU   GI   CI              PID   Type   Process name                        GPU Memory |\r\n"}
,{"stream_name":"stdout","time":8.392120228,"data":"|        ID   ID                                                               Usage      |\r\n"}
,{"stream_name":"stdout","time":8.392125752,"data":"|=========================================================================================|\r\n"}
,{"stream_name":"stdout","time":8.392131469,"data":"|  No running processes found                                                             |\r\n"}
,{"stream_name":"stdout","time":8.392136932,"data":"+-----------------------------------------------------------------------------------------+\r\n"}
,{"stream_name":"stdout","time":8.814216227,"data":"e6efbfa1f08a\r\n"}
,{"stream_name":"stdout","time":13.498985369,"data":"python 3.12.13 (main, Mar  4 2026, 09:23:07) [GCC 11.4.0]\n"}
,{"stream_name":"stdout","time":13.499023325,"data":"torch 2.10.0+cu128 cuda True Tesla T4\n"}
,{"stream_name":"stdout","time":13.499029815,"data":"numpy 2.0.2\n"}
,{"stream_name":"stdout","time":13.49903478,"data":"utc now: 2026-07-17T05:52:33.811734+00:00\n"}
,{"stream_name":"stdout","time":13.740018223,"data":"CUDA kernel launch OK: -385.051025390625 on Tesla T4\n"}
,{"stream_name":"stdout","time":13.846465729,"data":"=== /kaggle/input tree (2 levels) ===\n"}
,{"stream_name":"stdout","time":13.846502247,"data":"/kaggle/input/datasets\n"}
,{"stream_name":"stdout","time":13.846509282,"data":"    /kaggle/input/datasets/shishirkandel\n"}
,{"stream_name":"stdout","time":13.84651438,"data":"['configs', 'data.py', 'eval.py', 'losses.py', 'model.py', 'requirements.txt', 'train.py'] ['a.yaml', 'b1.yaml', 'b2.yaml', 'c.yaml', 'd1.yaml', 'd2.yaml', 'd2b.yaml', 'e1.yaml', 'e2.yaml', 'f.yaml']\n"}
,{"stream_name":"stdout","time":13.872190841,"data":"DATA root: /kaggle/input/datasets/shishirkandel/hkh-glacier-shards\n"}
,{"stream_name":"stdout","time":13.872222696,"data":"  train: 25 shards\n"}
,{"stream_name":"stdout","time":13.87222902,"data":"  val: 10 shards\n"}
,{"stream_name":"stdout","time":13.872234462,"data":"  test: 9 shards\n"}
,{"stream_name":"stdout","time":13.872239422,"data":"  east: 8 shards\n"}
,{"stream_name":"stdout","time":160.578043353,"data":"epoch   1  loss=2.5300  gIoU=0.5254  dIoU=0.0481  smoothed=0.2867\r\n"}
,{"stream_name":"stdout","time":204.40763095,"data":"epoch   2  loss=2.0761  gIoU=0.5376  dIoU=0.0766  smoothed=0.2969\r\n"}
,{"stream_name":"stdout","time":249.260870344,"data":"epoch   3  loss=1.9343  gIoU=0.5442  dIoU=0.1014  smoothed=0.3056\r\n"}
,{"stream_name":"stdout","time":293.411285536,"data":"epoch   4  loss=1.8492  gIoU=0.5830  dIoU=0.1597  smoothed=0.3338\r\n"}
,{"stream_name":"stdout","time":338.331038895,"data":"epoch   5  loss=1.8815  gIoU=0.5866  dIoU=0.0997  smoothed=0.3458\r\n"}
,{"stream_name":"stdout","time":382.85349343,"data":"epoch   6  loss=1.8185  gIoU=0.5748  dIoU=0.1901  smoothed=0.3657\r\n"}
,{"stream_name":"stdout","time":426.813238608,"data":"epoch   7  loss=1.8665  gIoU=0.5731  dIoU=0.0504  smoothed=0.3458\r\n"}
,{"stream_name":"stdout","time":471.415583575,"data":"epoch   8  loss=1.8118  gIoU=0.5797  dIoU=0.1607  smoothed=0.3548\r\n"}
,{"stream_name":"stdout","time":516.348728793,"data":"epoch   9  loss=1.7682  gIoU=0.5637  dIoU=0.1494  smoothed=0.3462\r\n"}
,{"stream_name":"stdout","time":561.060023163,"data":"epoch  10  loss=1.7545  gIoU=0.5829  dIoU=0.1008  smoothed=0.3562\r\n"}
,{"stream_name":"stdout","time":605.360475051,"data":"epoch  11  loss=1.7500  gIoU=0.5245  dIoU=0.1460  smoothed=0.3446\r\n"}
,{"stream_name":"stdout","time":650.194469652,"data":"epoch  12  loss=1.7563  gIoU=0.5820  dIoU=0.0836  smoothed=0.3366\r\n"}
,{"stream_name":"stdout","time":694.318407083,"data":"epoch  13  loss=1.7983  gIoU=0.5547  dIoU=0.1319  smoothed=0.3371\r\n"}
,{"stream_name":"stdout","time":738.873591786,"data":"epoch  14  loss=1.7355  gIoU=0.5816  dIoU=0.0261  smoothed=0.3266\r\n"}
,{"stream_name":"stdout","time":783.694369081,"data":"epoch  15  loss=1.7637  gIoU=0.5748  dIoU=0.1118  smoothed=0.3301\r\n"}
,{"stream_name":"stdout","time":783.694404444,"data":"early stop: no smoothed-score improvement for 9 epochs\r\n"}
,{"stream_name":"stdout","time":783.694411107,"data":"done: best smoothed score 0.3657 -\u003e /kaggle/working/runs/e2/e2/best.pt\r\n"}
,{"stream_name":"stdout","time":818.388392693,"data":"val: gIoU=0.5748 gDice=0.7300 dIoU=0.1901 dRec=0.3956 dPrec=0.2680 macroF1=0.6720 n=283\r\n"}
,{"stream_name":"stdout","time":822.552201931,"data":"download:  /kaggle/working/rung_e2_artifacts.zip\n"}
,{"stream_name":"stderr","time":825.742464521,"data":"/usr/local/lib/python3.12/dist-packages/mistune.py:435: SyntaxWarning: invalid escape sequence '\\|'\n"}
,{"stream_name":"stderr","time":825.742502899,"data":"  cells[i][c] = re.sub('\\\\\\\\\\|', '|', cell)\n"}
,{"stream_name":"stderr","time":825.893879928,"data":"/usr/local/lib/python3.12/dist-packages/nbconvert/filters/filter_links.py:36: SyntaxWarning: invalid escape sequence '\\_'\n"}
,{"stream_name":"stderr","time":825.893909728,"data":"  text = re.sub(r'_', '\\_', text) # Escape underscores in display text\n"}
,{"stream_name":"stderr","time":826.494725276,"data":"[NbConvertApp] Converting notebook __notebook__.ipynb to notebook\n"}
,{"stream_name":"stderr","time":826.803228645,"data":"[NbConvertApp] Writing 16122 bytes to __notebook__.ipynb\n"}
,{"stream_name":"stderr","time":829.217692662,"data":"[NbConvertApp] Converting notebook __notebook__.ipynb to html\n"}
,{"stream_name":"stderr","time":830.047699391,"data":"[NbConvertApp] Writing 301822 bytes to __results__.html\n"}
]