[{"stream_name":"stderr","time":6.669045969,"data":"/usr/local/lib/python3.12/dist-packages/nbformat/__init__.py:96: MissingIDFieldWarning: Cell is missing an id field, this will become a hard error in future nbformat versions. You may want to use `normalize()` on your notebooks before validations (available since nbformat 5.1.4). Previous versions of nbformat are fixing this issue transparently, and will stop doing so in the future.\n"}
,{"stream_name":"stderr","time":6.669112889,"data":"  validate(nb)\n"}
,{"stream_name":"stderr","time":7.589797918,"data":"0.00s - Debugger warning: It seems that frozen modules are being used, which may\n"}
,{"stream_name":"stderr","time":7.589823158,"data":"0.00s - make the debugger miss breakpoints. Please pass -Xfrozen_modules=off\n"}
,{"stream_name":"stderr","time":7.589827753,"data":"0.00s - to python to disable frozen modules.\n"}
,{"stream_name":"stderr","time":7.5898316359999995,"data":"0.00s - Note: Debugging will proceed. Set PYDEVD_DISABLE_FILE_VALIDATION=1 to disable this validation.\n"}
,{"stream_name":"stderr","time":8.1900118,"data":"0.00s - Debugger warning: It seems that frozen modules are being used, which may\n"}
,{"stream_name":"stderr","time":8.190039597,"data":"0.00s - make the debugger miss breakpoints. Please pass -Xfrozen_modules=off\n"}
,{"stream_name":"stderr","time":8.190044494,"data":"0.00s - to python to disable frozen modules.\n"}
,{"stream_name":"stderr","time":8.190048157,"data":"0.00s - Note: Debugging will proceed. Set PYDEVD_DISABLE_FILE_VALIDATION=1 to disable this validation.\n"}
,{"stream_name":"stdout","time":9.35585509,"data":"Thu Jul 16 17:23:18 2026       \r\n"}
,{"stream_name":"stdout","time":9.355905667,"data":"+-----------------------------------------------------------------------------------------+\r\n"}
,{"stream_name":"stdout","time":9.355911676,"data":"| NVIDIA-SMI 580.159.04             Driver Version: 580.159.04     CUDA Version: 13.0     |\r\n"}
,{"stream_name":"stdout","time":9.355916021,"data":"+-----------------------------------------+------------------------+----------------------+\r\n"}
,{"stream_name":"stdout","time":9.355921217,"data":"| GPU  Name                 Persistence-M | Bus-Id          Disp.A | Volatile Uncorr. ECC |\r\n"}
,{"stream_name":"stdout","time":9.35592511,"data":"| Fan  Temp   Perf          Pwr:Usage/Cap |           Memory-Usage | GPU-Util  Compute M. |\r\n"}
,{"stream_name":"stdout","time":9.355928715,"data":"|                                         |                        |               MIG M. |\r\n"}
,{"stream_name":"stdout","time":9.355932407,"data":"|=========================================+========================+======================|\r\n"}
,{"stream_name":"stdout","time":9.406498225,"data":"|   0  Tesla T4                       Off |   00000000:00:04.0 Off |                    0 |\r\n"}
,{"stream_name":"stdout","time":9.406519135,"data":"| N/A   39C    P8              9W /   70W |       0MiB /  15360MiB |      0%      Default |\r\n"}
,{"stream_name":"stdout","time":9.406523739,"data":"|                                         |                        |                  N/A |\r\n"}
,{"stream_name":"stdout","time":9.406528802,"data":"+-----------------------------------------+------------------------+----------------------+\r\n"}
,{"stream_name":"stdout","time":9.406536038,"data":"|   1  Tesla T4                       Off |   00000000:00:05.0 Off |                    0 |\r\n"}
,{"stream_name":"stdout","time":9.406556353,"data":"| N/A   35C    P8              9W /   70W |       0MiB /  15360MiB |      0%      Default |\r\n"}
,{"stream_name":"stdout","time":9.406560516,"data":"|                                         |                        |                  N/A |\r\n"}
,{"stream_name":"stdout","time":9.40657636,"data":"+-----------------------------------------+------------------------+----------------------+\r\n"}
,{"stream_name":"stdout","time":9.40658048,"data":"\r\n"}
,{"stream_name":"stdout","time":9.406583811,"data":"+-----------------------------------------------------------------------------------------+\r\n"}
,{"stream_name":"stdout","time":9.406587284,"data":"| Processes:                                                                              |\r\n"}
,{"stream_name":"stdout","time":9.406590851,"data":"|  GPU   GI   CI              PID   Type   Process name                        GPU Memory |\r\n"}
,{"stream_name":"stdout","time":9.406594493,"data":"|        ID   ID                                                               Usage      |\r\n"}
,{"stream_name":"stdout","time":9.406603599,"data":"|=========================================================================================|\r\n"}
,{"stream_name":"stdout","time":9.406606238,"data":"|  No running processes found                                                             |\r\n"}
,{"stream_name":"stdout","time":9.406608609,"data":"+-----------------------------------------------------------------------------------------+\r\n"}
,{"stream_name":"stdout","time":9.849684838,"data":"67e9761a55c2\r\n"}
,{"stream_name":"stdout","time":15.353821283,"data":"python 3.12.13 (main, Mar  4 2026, 09:23:07) [GCC 11.4.0]\n"}
,{"stream_name":"stdout","time":15.353858985,"data":"torch 2.10.0+cu128 cuda True Tesla T4\n"}
,{"stream_name":"stdout","time":15.353862975,"data":"numpy 2.0.2\n"}
,{"stream_name":"stdout","time":15.353865501,"data":"utc now: 2026-07-16T17:23:24.439154+00:00\n"}
,{"stream_name":"stdout","time":15.656067267,"data":"CUDA kernel launch OK: 871.7249755859375 on Tesla T4\n"}
,{"stream_name":"stdout","time":15.856427693,"data":"=== /kaggle/input tree (2 levels) ===\n"}
,{"stream_name":"stdout","time":15.856456844,"data":"/kaggle/input/datasets\n"}
,{"stream_name":"stdout","time":15.856464429,"data":"    /kaggle/input/datasets/shishirkandel\n"}
,{"stream_name":"stdout","time":15.866126275,"data":"['configs', 'data.py', 'eval.py', 'losses.py', 'model.py', 'requirements.txt', 'train.py'] ['a.yaml', 'b1.yaml', 'b2.yaml', 'c.yaml', 'd1.yaml', 'd2.yaml', 'e1.yaml', 'e2.yaml', 'f.yaml']\n"}
,{"stream_name":"stdout","time":15.901096242,"data":"DATA root: /kaggle/input/datasets/shishirkandel/hkh-glacier-shards\n"}
,{"stream_name":"stdout","time":15.901113319,"data":"  train: 25 shards\n"}
,{"stream_name":"stdout","time":15.901117664000001,"data":"  val: 10 shards\n"}
,{"stream_name":"stdout","time":15.901120996,"data":"  test: 9 shards\n"}
,{"stream_name":"stdout","time":15.9011279,"data":"  east: 8 shards\n"}
,{"stream_name":"stdout","time":153.97579593,"data":"epoch   1  loss=0.5553  gIoU=0.2874  dIoU=0.0000  smoothed=0.1437\r\n"}
,{"stream_name":"stdout","time":188.426344933,"data":"epoch   2  loss=0.5453  gIoU=0.0070  dIoU=0.0000  smoothed=0.0736\r\n"}
,{"stream_name":"stdout","time":223.380590292,"data":"epoch   3  loss=0.5119  gIoU=0.0025  dIoU=0.0000  smoothed=0.0495\r\n"}
,{"stream_name":"stdout","time":258.172562489,"data":"epoch   4  loss=0.4825  gIoU=0.1184  dIoU=0.0000  smoothed=0.0213\r\n"}
,{"stream_name":"stdout","time":293.20058685,"data":"epoch   5  loss=0.4660  gIoU=0.1449  dIoU=0.0000  smoothed=0.0443\r\n"}
,{"stream_name":"stdout","time":328.102784975,"data":"epoch   6  loss=0.4983  gIoU=0.2758  dIoU=0.0000  smoothed=0.0898\r\n"}
,{"stream_name":"stdout","time":362.924452959,"data":"epoch   7  loss=0.4587  gIoU=0.0980  dIoU=0.0000  smoothed=0.0864\r\n"}
,{"stream_name":"stdout","time":397.76318304,"data":"epoch   8  loss=0.4701  gIoU=0.1415  dIoU=0.0000  smoothed=0.0859\r\n"}
,{"stream_name":"stdout","time":432.905179315,"data":"epoch   9  loss=0.4396  gIoU=0.4364  dIoU=0.0000  smoothed=0.1127\r\n"}
,{"stream_name":"stdout","time":467.993808003,"data":"epoch  10  loss=0.4378  gIoU=0.3144  dIoU=0.0000  smoothed=0.1487\r\n"}
,{"stream_name":"stdout","time":503.365812093,"data":"epoch  11  loss=0.4228  gIoU=0.4382  dIoU=0.0000  smoothed=0.1982\r\n"}
,{"stream_name":"stdout","time":538.349155504,"data":"epoch  12  loss=0.4343  gIoU=0.3286  dIoU=0.0000  smoothed=0.1802\r\n"}
,{"stream_name":"stdout","time":573.310857723,"data":"epoch  13  loss=0.4838  gIoU=0.2307  dIoU=0.0000  smoothed=0.1663\r\n"}
,{"stream_name":"stdout","time":608.0358246,"data":"epoch  14  loss=0.4384  gIoU=0.0966  dIoU=0.0000  smoothed=0.1093\r\n"}
,{"stream_name":"stdout","time":643.185914971,"data":"epoch  15  loss=0.4503  gIoU=0.3171  dIoU=0.0000  smoothed=0.1074\r\n"}
,{"stream_name":"stdout","time":678.424524922,"data":"epoch  16  loss=0.3991  gIoU=0.3810  dIoU=0.0000  smoothed=0.1325\r\n"}
,{"stream_name":"stdout","time":713.440854926,"data":"epoch  17  loss=0.4232  gIoU=0.3462  dIoU=0.0000  smoothed=0.1741\r\n"}
,{"stream_name":"stdout","time":748.614270118,"data":"epoch  18  loss=0.4507  gIoU=0.2961  dIoU=0.0000  smoothed=0.1705\r\n"}
,{"stream_name":"stdout","time":787.366084012,"data":"epoch  19  loss=0.4384  gIoU=0.2491  dIoU=0.0000  smoothed=0.1486\r\n"}
,{"stream_name":"stdout","time":787.366113736,"data":"early stop: no smoothed-score improvement for 8 epochs\r\n"}
,{"stream_name":"stdout","time":787.366118087,"data":"done: best smoothed score 0.1982 -\u003e /kaggle/working/runs/b1/b1/best.pt\r\n"}
,{"stream_name":"stdout","time":819.669054526,"data":"val: gIoU=0.4382 gDice=0.6094 dIoU=0.0000 dRec=0.0000 dPrec=0.0000 macroF1=0.5330 n=283\r\n"}
,{"stream_name":"stdout","time":823.599544713,"data":"download:  /kaggle/working/rung_b1_artifacts.zip\n"}
,{"stream_name":"stderr","time":826.762426714,"data":"/usr/local/lib/python3.12/dist-packages/mistune.py:435: SyntaxWarning: invalid escape sequence '\\|'\n"}
,{"stream_name":"stderr","time":826.762459883,"data":"  cells[i][c] = re.sub('\\\\\\\\\\|', '|', cell)\n"}
,{"stream_name":"stderr","time":826.929082972,"data":"/usr/local/lib/python3.12/dist-packages/nbconvert/filters/filter_links.py:36: SyntaxWarning: invalid escape sequence '\\_'\n"}
,{"stream_name":"stderr","time":826.929107005,"data":"  text = re.sub(r'_', '\\_', text) # Escape underscores in display text\n"}
,{"stream_name":"stderr","time":827.537781398,"data":"[NbConvertApp] Converting notebook __notebook__.ipynb to notebook\n"}
,{"stream_name":"stderr","time":827.830319491,"data":"[NbConvertApp] Writing 16420 bytes to __notebook__.ipynb\n"}
,{"stream_name":"stderr","time":830.110056077,"data":"[NbConvertApp] Converting notebook __notebook__.ipynb to html\n"}
,{"stream_name":"stderr","time":830.943698123,"data":"[NbConvertApp] Writing 302065 bytes to __results__.html\n"}
]