[{"stream_name":"stderr","time":5.62503357,"data":"/usr/local/lib/python3.12/dist-packages/nbformat/__init__.py:96: MissingIDFieldWarning: Cell is missing an id field, this will become a hard error in future nbformat versions. You may want to use `normalize()` on your notebooks before validations (available since nbformat 5.1.4). Previous versions of nbformat are fixing this issue transparently, and will stop doing so in the future.\n"}
,{"stream_name":"stderr","time":5.625114956,"data":"  validate(nb)\n"}
,{"stream_name":"stderr","time":6.383024016,"data":"0.00s - Debugger warning: It seems that frozen modules are being used, which may\n"}
,{"stream_name":"stderr","time":6.383070292,"data":"0.00s - make the debugger miss breakpoints. Please pass -Xfrozen_modules=off\n"}
,{"stream_name":"stderr","time":6.383078913,"data":"0.00s - to python to disable frozen modules.\n"}
,{"stream_name":"stderr","time":6.383083482,"data":"0.00s - Note: Debugging will proceed. Set PYDEVD_DISABLE_FILE_VALIDATION=1 to disable this validation.\n"}
,{"stream_name":"stderr","time":6.940752508,"data":"0.00s - Debugger warning: It seems that frozen modules are being used, which may\n"}
,{"stream_name":"stderr","time":6.940784293,"data":"0.00s - make the debugger miss breakpoints. Please pass -Xfrozen_modules=off\n"}
,{"stream_name":"stderr","time":6.94078831,"data":"0.00s - to python to disable frozen modules.\n"}
,{"stream_name":"stderr","time":6.940791036,"data":"0.00s - Note: Debugging will proceed. Set PYDEVD_DISABLE_FILE_VALIDATION=1 to disable this validation.\n"}
,{"stream_name":"stdout","time":8.001395243,"data":"Fri Jul 17 06:09:19 2026       \r\n"}
,{"stream_name":"stdout","time":8.001449429,"data":"+-----------------------------------------------------------------------------------------+\r\n"}
,{"stream_name":"stdout","time":8.001454706,"data":"| NVIDIA-SMI 580.159.04             Driver Version: 580.159.04     CUDA Version: 13.0     |\r\n"}
,{"stream_name":"stdout","time":8.00145838,"data":"+-----------------------------------------+------------------------+----------------------+\r\n"}
,{"stream_name":"stdout","time":8.001462122,"data":"| GPU  Name                 Persistence-M | Bus-Id          Disp.A | Volatile Uncorr. ECC |\r\n"}
,{"stream_name":"stdout","time":8.001467633,"data":"| Fan  Temp   Perf          Pwr:Usage/Cap |           Memory-Usage | GPU-Util  Compute M. |\r\n"}
,{"stream_name":"stdout","time":8.001474445,"data":"|                                         |                        |               MIG M. |\r\n"}
,{"stream_name":"stdout","time":8.001476902,"data":"|=========================================+========================+======================|\r\n"}
,{"stream_name":"stdout","time":8.051871473,"data":"|   0  Tesla T4                       Off |   00000000:00:04.0 Off |                    0 |\r\n"}
,{"stream_name":"stdout","time":8.051890978,"data":"| N/A   53C    P8             10W /   70W |       0MiB /  15360MiB |      0%      Default |\r\n"}
,{"stream_name":"stdout","time":8.051895927,"data":"|                                         |                        |                  N/A |\r\n"}
,{"stream_name":"stdout","time":8.051904481,"data":"+-----------------------------------------+------------------------+----------------------+\r\n"}
,{"stream_name":"stdout","time":8.051907716,"data":"|   1  Tesla T4                       Off |   00000000:00:05.0 Off |                    0 |\r\n"}
,{"stream_name":"stdout","time":8.051910247,"data":"| N/A   50C    P8              9W /   70W |       0MiB /  15360MiB |      0%      Default |\r\n"}
,{"stream_name":"stdout","time":8.05191261,"data":"|                                         |                        |                  N/A |\r\n"}
,{"stream_name":"stdout","time":8.051929205,"data":"+-----------------------------------------+------------------------+----------------------+\r\n"}
,{"stream_name":"stdout","time":8.05193195,"data":"\r\n"}
,{"stream_name":"stdout","time":8.05193424,"data":"+-----------------------------------------------------------------------------------------+\r\n"}
,{"stream_name":"stdout","time":8.051936553,"data":"| Processes:                                                                              |\r\n"}
,{"stream_name":"stdout","time":8.051938941,"data":"|  GPU   GI   CI              PID   Type   Process name                        GPU Memory |\r\n"}
,{"stream_name":"stdout","time":8.051945892,"data":"|        ID   ID                                                               Usage      |\r\n"}
,{"stream_name":"stdout","time":8.051948263,"data":"|=========================================================================================|\r\n"}
,{"stream_name":"stdout","time":8.05195058,"data":"|  No running processes found                                                             |\r\n"}
,{"stream_name":"stdout","time":8.051952912,"data":"+-----------------------------------------------------------------------------------------+\r\n"}
,{"stream_name":"stdout","time":8.493008843,"data":"11c831f86af6\r\n"}
,{"stream_name":"stdout","time":12.953937784,"data":"python 3.12.13 (main, Mar  4 2026, 09:23:07) [GCC 11.4.0]\n"}
,{"stream_name":"stdout","time":12.953969426,"data":"torch 2.10.0+cu128 cuda True Tesla T4\n"}
,{"stream_name":"stdout","time":12.95397531,"data":"numpy 2.0.2\n"}
,{"stream_name":"stdout","time":12.953980407,"data":"utc now: 2026-07-17T06:09:24.790492+00:00\n"}
,{"stream_name":"stdout","time":13.187628881,"data":"CUDA kernel launch OK: -265.17315673828125 on Tesla T4\n"}
,{"stream_name":"stdout","time":13.320255263,"data":"=== /kaggle/input tree (2 levels) ===\n"}
,{"stream_name":"stdout","time":13.320281449,"data":"/kaggle/input/datasets\n"}
,{"stream_name":"stdout","time":13.320286671,"data":"    /kaggle/input/datasets/shishirkandel\n"}
,{"stream_name":"stdout","time":13.320291281,"data":"['configs', 'data.py', 'eval.py', 'losses.py', 'model.py', 'requirements.txt', 'train.py'] ['a.yaml', 'b1.yaml', 'b2.yaml', 'c.yaml', 'd1.yaml', 'd2.yaml', 'd2b.yaml', 'e1.yaml', 'e2.yaml', 'f.yaml']\n"}
,{"stream_name":"stdout","time":13.341959841,"data":"DATA root: /kaggle/input/datasets/shishirkandel/hkh-glacier-shards\n"}
,{"stream_name":"stdout","time":13.341980786,"data":"  train: 25 shards\n"}
,{"stream_name":"stdout","time":13.341986323,"data":"  val: 10 shards\n"}
,{"stream_name":"stdout","time":13.341990713,"data":"  test: 9 shards\n"}
,{"stream_name":"stdout","time":13.341994961,"data":"  east: 8 shards\n"}
,{"stream_name":"stdout","time":142.249989088,"data":"epoch   1  loss=2.3834  gIoU=0.5207  dIoU=0.0554  smoothed=0.2881\r\n"}
,{"stream_name":"stdout","time":184.433534826,"data":"epoch   2  loss=2.0162  gIoU=0.5138  dIoU=0.1164  smoothed=0.3016\r\n"}
,{"stream_name":"stdout","time":225.508393424,"data":"epoch   3  loss=1.8325  gIoU=0.5469  dIoU=0.0786  smoothed=0.3053\r\n"}
,{"stream_name":"stdout","time":267.900573084,"data":"epoch   4  loss=1.8786  gIoU=0.6183  dIoU=0.1659  smoothed=0.3400\r\n"}
,{"stream_name":"stdout","time":308.886982134,"data":"epoch   5  loss=1.8257  gIoU=0.5699  dIoU=0.0669  smoothed=0.3411\r\n"}
,{"stream_name":"stdout","time":350.255965056,"data":"epoch   6  loss=1.7258  gIoU=0.5446  dIoU=0.1920  smoothed=0.3596\r\n"}
,{"stream_name":"stdout","time":391.924011848,"data":"epoch   7  loss=1.7014  gIoU=0.5896  dIoU=0.1632  smoothed=0.3544\r\n"}
,{"stream_name":"stdout","time":432.974774175,"data":"epoch   8  loss=1.6360  gIoU=0.5583  dIoU=0.1588  smoothed=0.3678\r\n"}
,{"stream_name":"stdout","time":474.317805857,"data":"epoch   9  loss=1.6380  gIoU=0.6023  dIoU=0.2056  smoothed=0.3796\r\n"}
,{"stream_name":"stdout","time":515.284552056,"data":"epoch  10  loss=1.7073  gIoU=0.5637  dIoU=0.1840  smoothed=0.3788\r\n"}
,{"stream_name":"stdout","time":556.518929475,"data":"epoch  11  loss=1.6663  gIoU=0.5830  dIoU=0.2034  smoothed=0.3903\r\n"}
,{"stream_name":"stdout","time":597.84684013,"data":"epoch  12  loss=1.6551  gIoU=0.6064  dIoU=0.1423  smoothed=0.3805\r\n"}
,{"stream_name":"stdout","time":639.221113591,"data":"epoch  13  loss=1.6481  gIoU=0.6019  dIoU=0.1175  smoothed=0.3758\r\n"}
,{"stream_name":"stdout","time":680.378203379,"data":"epoch  14  loss=1.6591  gIoU=0.6244  dIoU=0.2154  smoothed=0.3846\r\n"}
,{"stream_name":"stdout","time":721.944696924,"data":"epoch  15  loss=1.6757  gIoU=0.6243  dIoU=0.1749  smoothed=0.3931\r\n"}
,{"stream_name":"stdout","time":763.258467341,"data":"epoch  16  loss=1.6350  gIoU=0.6445  dIoU=0.2413  smoothed=0.4208\r\n"}
,{"stream_name":"stdout","time":804.556971992,"data":"epoch  17  loss=1.5614  gIoU=0.6334  dIoU=0.1443  smoothed=0.4105\r\n"}
,{"stream_name":"stdout","time":846.289785499,"data":"epoch  18  loss=1.5851  gIoU=0.6244  dIoU=0.1955  smoothed=0.4139\r\n"}
,{"stream_name":"stdout","time":887.782397546,"data":"epoch  19  loss=1.5746  gIoU=0.5979  dIoU=0.1207  smoothed=0.3860\r\n"}
,{"stream_name":"stdout","time":929.370725888,"data":"epoch  20  loss=1.5678  gIoU=0.6440  dIoU=0.2988  smoothed=0.4135\r\n"}
,{"stream_name":"stdout","time":970.885168317,"data":"epoch  21  loss=1.4883  gIoU=0.6547  dIoU=0.1980  smoothed=0.4190\r\n"}
,{"stream_name":"stdout","time":1012.452668274,"data":"epoch  22  loss=1.5210  gIoU=0.6013  dIoU=0.1816  smoothed=0.4297\r\n"}
,{"stream_name":"stdout","time":1053.441406271,"data":"epoch  23  loss=1.5467  gIoU=0.6272  dIoU=0.2180  smoothed=0.4135\r\n"}
,{"stream_name":"stdout","time":1094.642691184,"data":"epoch  24  loss=1.4135  gIoU=0.6283  dIoU=0.2072  smoothed=0.4106\r\n"}
,{"stream_name":"stdout","time":1135.855106668,"data":"epoch  25  loss=1.5222  gIoU=0.5876  dIoU=0.2080  smoothed=0.4127\r\n"}
,{"stream_name":"stdout","time":1176.409496905,"data":"epoch  26  loss=1.4918  gIoU=0.6121  dIoU=0.2030  smoothed=0.4077\r\n"}
,{"stream_name":"stdout","time":1217.692299571,"data":"epoch  27  loss=1.5166  gIoU=0.6584  dIoU=0.2223  smoothed=0.4152\r\n"}
,{"stream_name":"stdout","time":1258.302261203,"data":"epoch  28  loss=1.5122  gIoU=0.6094  dIoU=0.1940  smoothed=0.4165\r\n"}
,{"stream_name":"stdout","time":1299.699001758,"data":"epoch  29  loss=1.4454  gIoU=0.6694  dIoU=0.2181  smoothed=0.4286\r\n"}
,{"stream_name":"stdout","time":1340.966669851,"data":"epoch  30  loss=1.4115  gIoU=0.6653  dIoU=0.2592  smoothed=0.4359\r\n"}
,{"stream_name":"stdout","time":1340.966703404,"data":"done: best smoothed score 0.4359 -\u003e /kaggle/working/runs/f/f/best.pt\r\n"}
,{"stream_name":"stdout","time":1373.834040188,"data":"val: gIoU=0.6653 gDice=0.7990 dIoU=0.2592 dRec=0.4365 dPrec=0.3896 macroF1=0.7317 distMAE=4.38px n=283\r\n"}
,{"stream_name":"stdout","time":1377.70343013,"data":"download:  /kaggle/working/rung_f_artifacts.zip\n"}
,{"stream_name":"stderr","time":1380.639425424,"data":"/usr/local/lib/python3.12/dist-packages/mistune.py:435: SyntaxWarning: invalid escape sequence '\\|'\n"}
,{"stream_name":"stderr","time":1380.639457645,"data":"  cells[i][c] = re.sub('\\\\\\\\\\|', '|', cell)\n"}
,{"stream_name":"stderr","time":1380.782334436,"data":"/usr/local/lib/python3.12/dist-packages/nbconvert/filters/filter_links.py:36: SyntaxWarning: invalid escape sequence '\\_'\n"}
,{"stream_name":"stderr","time":1380.782359533,"data":"  text = re.sub(r'_', '\\_', text) # Escape underscores in display text\n"}
,{"stream_name":"stderr","time":1381.352654373,"data":"[NbConvertApp] Converting notebook __notebook__.ipynb to notebook\n"}
,{"stream_name":"stderr","time":1381.647246965,"data":"[NbConvertApp] Writing 17251 bytes to __notebook__.ipynb\n"}
,{"stream_name":"stderr","time":1383.923451529,"data":"[NbConvertApp] Converting notebook __notebook__.ipynb to html\n"}
,{"stream_name":"stderr","time":1384.688986319,"data":"[NbConvertApp] Writing 302784 bytes to __results__.html\n"}
]