[{"stream_name":"stderr","time":5.657942583,"data":"/usr/local/lib/python3.12/dist-packages/nbformat/__init__.py:96: MissingIDFieldWarning: Cell is missing an id field, this will become a hard error in future nbformat versions. You may want to use `normalize()` on your notebooks before validations (available since nbformat 5.1.4). Previous versions of nbformat are fixing this issue transparently, and will stop doing so in the future.\n"}
,{"stream_name":"stderr","time":5.658031657,"data":"  validate(nb)\n"}
,{"stream_name":"stderr","time":6.425478703,"data":"0.00s - Debugger warning: It seems that frozen modules are being used, which may\n"}
,{"stream_name":"stderr","time":6.425510525,"data":"0.00s - make the debugger miss breakpoints. Please pass -Xfrozen_modules=off\n"}
,{"stream_name":"stderr","time":6.425514583,"data":"0.00s - to python to disable frozen modules.\n"}
,{"stream_name":"stderr","time":6.425517275,"data":"0.00s - Note: Debugging will proceed. Set PYDEVD_DISABLE_FILE_VALIDATION=1 to disable this validation.\n"}
,{"stream_name":"stderr","time":6.987809763,"data":"0.00s - Debugger warning: It seems that frozen modules are being used, which may\n"}
,{"stream_name":"stderr","time":6.987841899,"data":"0.00s - make the debugger miss breakpoints. Please pass -Xfrozen_modules=off\n"}
,{"stream_name":"stderr","time":6.987847034,"data":"0.00s - to python to disable frozen modules.\n"}
,{"stream_name":"stderr","time":6.987855648,"data":"0.00s - Note: Debugging will proceed. Set PYDEVD_DISABLE_FILE_VALIDATION=1 to disable this validation.\n"}
,{"stream_name":"stdout","time":8.079879089,"data":"Thu Jul 16 15:45:48 2026       \r\n"}
,{"stream_name":"stdout","time":8.079919803,"data":"+-----------------------------------------------------------------------------------------+\r\n"}
,{"stream_name":"stdout","time":8.079927327,"data":"| NVIDIA-SMI 580.159.04             Driver Version: 580.159.04     CUDA Version: 13.0     |\r\n"}
,{"stream_name":"stdout","time":8.07993244,"data":"+-----------------------------------------+------------------------+----------------------+\r\n"}
,{"stream_name":"stdout","time":8.07993775,"data":"| GPU  Name                 Persistence-M | Bus-Id          Disp.A | Volatile Uncorr. ECC |\r\n"}
,{"stream_name":"stdout","time":8.079942701,"data":"| Fan  Temp   Perf          Pwr:Usage/Cap |           Memory-Usage | GPU-Util  Compute M. |\r\n"}
,{"stream_name":"stdout","time":8.079947971,"data":"|                                         |                        |               MIG M. |\r\n"}
,{"stream_name":"stdout","time":8.079953317,"data":"|=========================================+========================+======================|\r\n"}
,{"stream_name":"stdout","time":8.130548313,"data":"|   0  Tesla T4                       Off |   00000000:00:04.0 Off |                    0 |\r\n"}
,{"stream_name":"stdout","time":8.130569126,"data":"| N/A   40C    P8              9W /   70W |       0MiB /  15360MiB |      0%      Default |\r\n"}
,{"stream_name":"stdout","time":8.130574963,"data":"|                                         |                        |                  N/A |\r\n"}
,{"stream_name":"stdout","time":8.130580145,"data":"+-----------------------------------------+------------------------+----------------------+\r\n"}
,{"stream_name":"stdout","time":8.130585234,"data":"|   1  Tesla T4                       Off |   00000000:00:05.0 Off |                    0 |\r\n"}
,{"stream_name":"stdout","time":8.130590611,"data":"| N/A   40C    P8              9W /   70W |       0MiB /  15360MiB |      0%      Default |\r\n"}
,{"stream_name":"stdout","time":8.130595723,"data":"|                                         |                        |                  N/A |\r\n"}
,{"stream_name":"stdout","time":8.130612196,"data":"+-----------------------------------------+------------------------+----------------------+\r\n"}
,{"stream_name":"stdout","time":8.130617623,"data":"\r\n"}
,{"stream_name":"stdout","time":8.130622855,"data":"+-----------------------------------------------------------------------------------------+\r\n"}
,{"stream_name":"stdout","time":8.130628004,"data":"| Processes:                                                                              |\r\n"}
,{"stream_name":"stdout","time":8.130633427,"data":"|  GPU   GI   CI              PID   Type   Process name                        GPU Memory |\r\n"}
,{"stream_name":"stdout","time":8.130638508,"data":"|        ID   ID                                                               Usage      |\r\n"}
,{"stream_name":"stdout","time":8.130643713,"data":"|=========================================================================================|\r\n"}
,{"stream_name":"stdout","time":8.130648919,"data":"|  No running processes found                                                             |\r\n"}
,{"stream_name":"stdout","time":8.130664856,"data":"+-----------------------------------------------------------------------------------------+\r\n"}
,{"stream_name":"stdout","time":8.558971782,"data":"4e89200f4ea4\r\n"}
,{"stream_name":"stdout","time":13.250782004,"data":"python 3.12.13 (main, Mar  4 2026, 09:23:07) [GCC 11.4.0]\n"}
,{"stream_name":"stdout","time":13.250823027,"data":"torch 2.10.0+cu128 cuda True Tesla T4\n"}
,{"stream_name":"stdout","time":13.250842141,"data":"numpy 2.0.2\n"}
,{"stream_name":"stdout","time":13.250848444,"data":"utc now: 2026-07-16T15:45:53.843662+00:00\n"}
,{"stream_name":"stdout","time":13.483916858,"data":"CUDA kernel launch OK: 713.6395263671875 on Tesla T4\n"}
,{"stream_name":"stdout","time":13.683964016000001,"data":"=== /kaggle/input tree (2 levels) ===\n"}
,{"stream_name":"stdout","time":13.68400005,"data":"/kaggle/input/datasets\n"}
,{"stream_name":"stdout","time":13.684006574,"data":"    /kaggle/input/datasets/shishirkandel\n"}
,{"stream_name":"stdout","time":14.026058511,"data":"['configs', 'data.py', 'eval.py', 'losses.py', 'model.py', 'requirements.txt', 'train.py'] ['a.yaml', 'b1.yaml', 'b2.yaml', 'c.yaml', 'd1.yaml', 'd2.yaml', 'e1.yaml', 'e2.yaml', 'f.yaml']\n"}
,{"stream_name":"stdout","time":14.089235379,"data":"DATA root: /kaggle/input/datasets/shishirkandel/hkh-glacier-shards\n"}
,{"stream_name":"stdout","time":14.089260013,"data":"  train: 25 shards\n"}
,{"stream_name":"stdout","time":14.089264122,"data":"  val: 10 shards\n"}
,{"stream_name":"stdout","time":14.089267367,"data":"  test: 9 shards\n"}
,{"stream_name":"stdout","time":14.089270527,"data":"  east: 8 shards\n"}
,{"stream_name":"stdout","time":190.71564496,"data":"epoch   1  loss=0.8141  gIoU=0.0114  dIoU=0.0012  smoothed=0.0063\r\n"}
,{"stream_name":"stdout","time":224.10747577,"data":"epoch   2  loss=0.6073  gIoU=0.0007  dIoU=0.0000  smoothed=0.0033\r\n"}
,{"stream_name":"stdout","time":257.814211459,"data":"epoch   3  loss=0.5784  gIoU=0.0001  dIoU=0.0000  smoothed=0.0022\r\n"}
,{"stream_name":"stdout","time":292.213353471,"data":"epoch   4  loss=0.5320  gIoU=0.0000  dIoU=0.0000  smoothed=0.0001\r\n"}
,{"stream_name":"stdout","time":326.600924183,"data":"epoch   5  loss=0.6125  gIoU=0.0000  dIoU=0.0000  smoothed=0.0000\r\n"}
,{"stream_name":"stdout","time":361.341679361,"data":"epoch   6  loss=0.5676  gIoU=0.0000  dIoU=0.0000  smoothed=0.0000\r\n"}
,{"stream_name":"stdout","time":395.87538111,"data":"epoch   7  loss=0.5200  gIoU=0.0000  dIoU=0.0000  smoothed=0.0000\r\n"}
,{"stream_name":"stdout","time":429.823269814,"data":"epoch   8  loss=0.5636  gIoU=0.0000  dIoU=0.0000  smoothed=0.0000\r\n"}
,{"stream_name":"stdout","time":463.880843612,"data":"epoch   9  loss=0.5361  gIoU=0.0000  dIoU=0.0000  smoothed=0.0000\r\n"}
,{"stream_name":"stdout","time":463.880877258,"data":"early stop: no smoothed-score improvement for 8 epochs\r\n"}
,{"stream_name":"stdout","time":463.88088271,"data":"done: best smoothed score 0.0063 -\u003e /kaggle/working/runs/a/a/best.pt\r\n"}
,{"stream_name":"stdout","time":494.728358919,"data":"val: gIoU=0.0114 gDice=0.0226 dIoU=0.0012 dRec=0.0013 dPrec=0.0185 macroF1=0.3216 n=283\r\n"}
,{"stream_name":"stdout","time":498.596018715,"data":"download:  /kaggle/working/rung_a_artifacts.zip\n"}
,{"stream_name":"stderr","time":501.599707343,"data":"/usr/local/lib/python3.12/dist-packages/mistune.py:435: SyntaxWarning: invalid escape sequence '\\|'\n"}
,{"stream_name":"stderr","time":501.599752074,"data":"  cells[i][c] = re.sub('\\\\\\\\\\|', '|', cell)\n"}
,{"stream_name":"stderr","time":501.740463549,"data":"/usr/local/lib/python3.12/dist-packages/nbconvert/filters/filter_links.py:36: SyntaxWarning: invalid escape sequence '\\_'\n"}
,{"stream_name":"stderr","time":501.740514042,"data":"  text = re.sub(r'_', '\\_', text) # Escape underscores in display text\n"}
,{"stream_name":"stderr","time":502.321846292,"data":"[NbConvertApp] Converting notebook __notebook__.ipynb to notebook\n"}
,{"stream_name":"stderr","time":502.620849656,"data":"[NbConvertApp] Writing 15627 bytes to __notebook__.ipynb\n"}
,{"stream_name":"stderr","time":504.921618551,"data":"[NbConvertApp] Converting notebook __notebook__.ipynb to html\n"}
,{"stream_name":"stderr","time":505.719201437,"data":"[NbConvertApp] Writing 301391 bytes to __results__.html\n"}
]