[{"stream_name":"stderr","time":5.461232548,"data":"/usr/local/lib/python3.12/dist-packages/nbformat/__init__.py:96: MissingIDFieldWarning: Cell is missing an id field, this will become a hard error in future nbformat versions. You may want to use `normalize()` on your notebooks before validations (available since nbformat 5.1.4). Previous versions of nbformat are fixing this issue transparently, and will stop doing so in the future.\n"}
,{"stream_name":"stderr","time":5.461291053,"data":"  validate(nb)\n"}
,{"stream_name":"stderr","time":6.215193973,"data":"0.00s - Debugger warning: It seems that frozen modules are being used, which may\n"}
,{"stream_name":"stderr","time":6.215217485,"data":"0.00s - make the debugger miss breakpoints. Please pass -Xfrozen_modules=off\n"}
,{"stream_name":"stderr","time":6.215222981,"data":"0.00s - to python to disable frozen modules.\n"}
,{"stream_name":"stderr","time":6.215228228,"data":"0.00s - Note: Debugging will proceed. Set PYDEVD_DISABLE_FILE_VALIDATION=1 to disable this validation.\n"}
,{"stream_name":"stderr","time":6.768215658,"data":"0.00s - Debugger warning: It seems that frozen modules are being used, which may\n"}
,{"stream_name":"stderr","time":6.768243627,"data":"0.00s - make the debugger miss breakpoints. Please pass -Xfrozen_modules=off\n"}
,{"stream_name":"stderr","time":6.768253003,"data":"0.00s - to python to disable frozen modules.\n"}
,{"stream_name":"stderr","time":6.768256178,"data":"0.00s - Note: Debugging will proceed. Set PYDEVD_DISABLE_FILE_VALIDATION=1 to disable this validation.\n"}
,{"stream_name":"stdout","time":7.829432651,"data":"Fri Jul 17 05:06:50 2026       \r\n"}
,{"stream_name":"stdout","time":7.829478009,"data":"+-----------------------------------------------------------------------------------------+\r\n"}
,{"stream_name":"stdout","time":7.829481444,"data":"| NVIDIA-SMI 580.159.04             Driver Version: 580.159.04     CUDA Version: 13.0     |\r\n"}
,{"stream_name":"stdout","time":7.829483891,"data":"+-----------------------------------------+------------------------+----------------------+\r\n"}
,{"stream_name":"stdout","time":7.829486413,"data":"| GPU  Name                 Persistence-M | Bus-Id          Disp.A | Volatile Uncorr. ECC |\r\n"}
,{"stream_name":"stdout","time":7.829488816,"data":"| Fan  Temp   Perf          Pwr:Usage/Cap |           Memory-Usage | GPU-Util  Compute M. |\r\n"}
,{"stream_name":"stdout","time":7.829491279,"data":"|                                         |                        |               MIG M. |\r\n"}
,{"stream_name":"stdout","time":7.829493681,"data":"|=========================================+========================+======================|\r\n"}
,{"stream_name":"stdout","time":7.88018308,"data":"|   0  Tesla T4                       Off |   00000000:00:04.0 Off |                    0 |\r\n"}
,{"stream_name":"stdout","time":7.880200107,"data":"| N/A   56C    P8             11W /   70W |       0MiB /  15360MiB |      0%      Default |\r\n"}
,{"stream_name":"stdout","time":7.880206129,"data":"|                                         |                        |                  N/A |\r\n"}
,{"stream_name":"stdout","time":7.880213641,"data":"+-----------------------------------------+------------------------+----------------------+\r\n"}
,{"stream_name":"stdout","time":7.880216564,"data":"|   1  Tesla T4                       Off |   00000000:00:05.0 Off |                    0 |\r\n"}
,{"stream_name":"stdout","time":7.880219172,"data":"| N/A   56C    P8             11W /   70W |       0MiB /  15360MiB |      0%      Default |\r\n"}
,{"stream_name":"stdout","time":7.880238868,"data":"|                                         |                        |                  N/A |\r\n"}
,{"stream_name":"stdout","time":7.88025532,"data":"+-----------------------------------------+------------------------+----------------------+\r\n"}
,{"stream_name":"stdout","time":7.880259759,"data":"\r\n"}
,{"stream_name":"stdout","time":7.880263383,"data":"+-----------------------------------------------------------------------------------------+\r\n"}
,{"stream_name":"stdout","time":7.880266906,"data":"| Processes:                                                                              |\r\n"}
,{"stream_name":"stdout","time":7.880270439,"data":"|  GPU   GI   CI              PID   Type   Process name                        GPU Memory |\r\n"}
,{"stream_name":"stdout","time":7.880273959,"data":"|        ID   ID                                                               Usage      |\r\n"}
,{"stream_name":"stdout","time":7.880277493,"data":"|=========================================================================================|\r\n"}
,{"stream_name":"stdout","time":7.880280942,"data":"|  No running processes found                                                             |\r\n"}
,{"stream_name":"stdout","time":7.880284434,"data":"+-----------------------------------------------------------------------------------------+\r\n"}
,{"stream_name":"stdout","time":8.309899013999999,"data":"c2bef9e4576c\r\n"}
,{"stream_name":"stdout","time":12.805298898,"data":"python 3.12.13 (main, Mar  4 2026, 09:23:07) [GCC 11.4.0]\n"}
,{"stream_name":"stdout","time":12.805352942,"data":"torch 2.10.0+cu128 cuda True Tesla T4\n"}
,{"stream_name":"stdout","time":12.805360165,"data":"numpy 2.0.2\n"}
,{"stream_name":"stdout","time":12.805365329,"data":"utc now: 2026-07-17T05:06:55.029232+00:00\n"}
,{"stream_name":"stdout","time":13.041147981,"data":"CUDA kernel launch OK: -337.761962890625 on Tesla T4\n"}
,{"stream_name":"stdout","time":13.148529204999999,"data":"=== /kaggle/input tree (2 levels) ===\n"}
,{"stream_name":"stdout","time":13.148553942,"data":"/kaggle/input/datasets\n"}
,{"stream_name":"stdout","time":13.148562568,"data":"    /kaggle/input/datasets/shishirkandel\n"}
,{"stream_name":"stdout","time":13.1485662,"data":"['configs', 'data.py', 'eval.py', 'losses.py', 'model.py', 'requirements.txt', 'train.py'] ['a.yaml', 'b1.yaml', 'b2.yaml', 'c.yaml', 'd1.yaml', 'd2.yaml', 'd2b.yaml', 'e1.yaml', 'e2.yaml', 'f.yaml']\n"}
,{"stream_name":"stdout","time":13.169405093,"data":"DATA root: /kaggle/input/datasets/shishirkandel/hkh-glacier-shards\n"}
,{"stream_name":"stdout","time":13.169429291,"data":"  train: 25 shards\n"}
,{"stream_name":"stdout","time":13.169433353,"data":"  val: 10 shards\n"}
,{"stream_name":"stdout","time":13.169436518,"data":"  test: 9 shards\n"}
,{"stream_name":"stdout","time":13.169439535,"data":"  east: 8 shards\n"}
,{"stream_name":"stdout","time":162.961787629,"data":"epoch   1  loss=2.1022  gIoU=0.5136  dIoU=0.0817  smoothed=0.2976\r\n"}
,{"stream_name":"stdout","time":204.841059599,"data":"epoch   2  loss=1.8605  gIoU=0.5540  dIoU=0.1611  smoothed=0.3276\r\n"}
,{"stream_name":"stdout","time":246.767391049,"data":"epoch   3  loss=1.8184  gIoU=0.5565  dIoU=0.0747  smoothed=0.3236\r\n"}
,{"stream_name":"stdout","time":288.571088726,"data":"epoch   4  loss=1.6875  gIoU=0.5584  dIoU=0.1761  smoothed=0.3468\r\n"}
,{"stream_name":"stdout","time":330.415310643,"data":"epoch   5  loss=1.7338  gIoU=0.5959  dIoU=0.1097  smoothed=0.3452\r\n"}
,{"stream_name":"stdout","time":372.452478553,"data":"epoch   6  loss=1.7322  gIoU=0.5803  dIoU=0.1695  smoothed=0.3650\r\n"}
,{"stream_name":"stdout","time":414.180209813,"data":"epoch   7  loss=1.6459  gIoU=0.5990  dIoU=0.0736  smoothed=0.3547\r\n"}
,{"stream_name":"stdout","time":455.939303605,"data":"epoch   8  loss=1.6836  gIoU=0.5445  dIoU=0.1555  smoothed=0.3537\r\n"}
,{"stream_name":"stdout","time":497.82141965,"data":"epoch   9  loss=1.6490  gIoU=0.5755  dIoU=0.1412  smoothed=0.3482\r\n"}
,{"stream_name":"stdout","time":539.310512931,"data":"epoch  10  loss=1.5681  gIoU=0.5899  dIoU=0.1873  smoothed=0.3656\r\n"}
,{"stream_name":"stdout","time":581.044175898,"data":"epoch  11  loss=1.5169  gIoU=0.5896  dIoU=0.1792  smoothed=0.3771\r\n"}
,{"stream_name":"stdout","time":622.895439839,"data":"epoch  12  loss=1.6016  gIoU=0.6124  dIoU=0.1957  smoothed=0.3923\r\n"}
,{"stream_name":"stdout","time":664.23766015,"data":"epoch  13  loss=1.5358  gIoU=0.5900  dIoU=0.1628  smoothed=0.3883\r\n"}
,{"stream_name":"stdout","time":705.810525835,"data":"epoch  14  loss=1.5048  gIoU=0.5981  dIoU=0.1712  smoothed=0.3884\r\n"}
,{"stream_name":"stdout","time":747.239266521,"data":"epoch  15  loss=1.5264  gIoU=0.5930  dIoU=0.1580  smoothed=0.3788\r\n"}
,{"stream_name":"stdout","time":788.696700913,"data":"epoch  16  loss=1.4438  gIoU=0.5752  dIoU=0.1620  smoothed=0.3762\r\n"}
,{"stream_name":"stdout","time":830.526294298,"data":"epoch  17  loss=1.5382  gIoU=0.6045  dIoU=0.1982  smoothed=0.3818\r\n"}
,{"stream_name":"stdout","time":872.250922965,"data":"epoch  18  loss=1.4959  gIoU=0.6096  dIoU=0.1391  smoothed=0.3814\r\n"}
,{"stream_name":"stdout","time":913.894298579,"data":"epoch  19  loss=1.4708  gIoU=0.6227  dIoU=0.1313  smoothed=0.3842\r\n"}
,{"stream_name":"stdout","time":955.319460259,"data":"epoch  20  loss=1.4414  gIoU=0.6394  dIoU=0.1071  smoothed=0.3748\r\n"}
,{"stream_name":"stdout","time":955.319495022,"data":"early stop: no smoothed-score improvement for 8 epochs\r\n"}
,{"stream_name":"stdout","time":955.319501688,"data":"done: best smoothed score 0.3923 -\u003e /kaggle/working/runs/d2b/d2b/best.pt\r\n"}
,{"stream_name":"stdout","time":988.28278802,"data":"val: gIoU=0.6124 gDice=0.7596 dIoU=0.1957 dRec=0.3227 dPrec=0.3322 macroF1=0.6852 n=283\r\n"}
,{"stream_name":"stdout","time":992.176265251,"data":"download:  /kaggle/working/rung_d2b_artifacts.zip\n"}
,{"stream_name":"stderr","time":995.088278748,"data":"/usr/local/lib/python3.12/dist-packages/mistune.py:435: SyntaxWarning: invalid escape sequence '\\|'\n"}
,{"stream_name":"stderr","time":995.088310074,"data":"  cells[i][c] = re.sub('\\\\\\\\\\|', '|', cell)\n"}
,{"stream_name":"stderr","time":995.227035103,"data":"/usr/local/lib/python3.12/dist-packages/nbconvert/filters/filter_links.py:36: SyntaxWarning: invalid escape sequence '\\_'\n"}
,{"stream_name":"stderr","time":995.227059808,"data":"  text = re.sub(r'_', '\\_', text) # Escape underscores in display text\n"}
,{"stream_name":"stderr","time":995.792963103,"data":"[NbConvertApp] Converting notebook __notebook__.ipynb to notebook\n"}
,{"stream_name":"stderr","time":996.08252853,"data":"[NbConvertApp] Writing 16519 bytes to __notebook__.ipynb\n"}
,{"stream_name":"stderr","time":998.326282793,"data":"[NbConvertApp] Converting notebook __notebook__.ipynb to html\n"}
,{"stream_name":"stderr","time":999.098389223,"data":"[NbConvertApp] Writing 302161 bytes to __results__.html\n"}
]