[{"stream_name":"stderr","time":6.131023161,"data":"/usr/local/lib/python3.12/dist-packages/nbformat/__init__.py:96: MissingIDFieldWarning: Cell is missing an id field, this will become a hard error in future nbformat versions. You may want to use `normalize()` on your notebooks before validations (available since nbformat 5.1.4). Previous versions of nbformat are fixing this issue transparently, and will stop doing so in the future.\n"}
,{"stream_name":"stderr","time":6.131088208,"data":"  validate(nb)\n"}
,{"stream_name":"stderr","time":6.883682329,"data":"0.00s - Debugger warning: It seems that frozen modules are being used, which may\n"}
,{"stream_name":"stderr","time":6.88371203,"data":"0.00s - make the debugger miss breakpoints. Please pass -Xfrozen_modules=off\n"}
,{"stream_name":"stderr","time":6.883717146,"data":"0.00s - to python to disable frozen modules.\n"}
,{"stream_name":"stderr","time":6.883720812,"data":"0.00s - Note: Debugging will proceed. Set PYDEVD_DISABLE_FILE_VALIDATION=1 to disable this validation.\n"}
,{"stream_name":"stderr","time":7.470158539,"data":"0.00s - Debugger warning: It seems that frozen modules are being used, which may\n"}
,{"stream_name":"stderr","time":7.470186164,"data":"0.00s - make the debugger miss breakpoints. Please pass -Xfrozen_modules=off\n"}
,{"stream_name":"stderr","time":7.470191421,"data":"0.00s - to python to disable frozen modules.\n"}
,{"stream_name":"stderr","time":7.470195711,"data":"0.00s - Note: Debugging will proceed. Set PYDEVD_DISABLE_FILE_VALIDATION=1 to disable this validation.\n"}
,{"stream_name":"stdout","time":8.595095393,"data":"Thu Jul 16 16:24:12 2026       \r\n"}
,{"stream_name":"stdout","time":8.595134243,"data":"+-----------------------------------------------------------------------------------------+\r\n"}
,{"stream_name":"stdout","time":8.595139235,"data":"| NVIDIA-SMI 580.159.04             Driver Version: 580.159.04     CUDA Version: 13.0     |\r\n"}
,{"stream_name":"stdout","time":8.59514439,"data":"+-----------------------------------------+------------------------+----------------------+\r\n"}
,{"stream_name":"stdout","time":8.595149488,"data":"| GPU  Name                 Persistence-M | Bus-Id          Disp.A | Volatile Uncorr. ECC |\r\n"}
,{"stream_name":"stdout","time":8.595154715,"data":"| Fan  Temp   Perf          Pwr:Usage/Cap |           Memory-Usage | GPU-Util  Compute M. |\r\n"}
,{"stream_name":"stdout","time":8.59515977,"data":"|                                         |                        |               MIG M. |\r\n"}
,{"stream_name":"stdout","time":8.595165053,"data":"|=========================================+========================+======================|\r\n"}
,{"stream_name":"stdout","time":8.645697005,"data":"|   0  Tesla T4                       Off |   00000000:00:04.0 Off |                    0 |\r\n"}
,{"stream_name":"stdout","time":8.645718909,"data":"| N/A   39C    P8             12W /   70W |       0MiB /  15360MiB |      0%      Default |\r\n"}
,{"stream_name":"stdout","time":8.645724872,"data":"|                                         |                        |                  N/A |\r\n"}
,{"stream_name":"stdout","time":8.64572997,"data":"+-----------------------------------------+------------------------+----------------------+\r\n"}
,{"stream_name":"stdout","time":8.645735078,"data":"|   1  Tesla T4                       Off |   00000000:00:05.0 Off |                    0 |\r\n"}
,{"stream_name":"stdout","time":8.64574037,"data":"| N/A   35C    P8             11W /   70W |       0MiB /  15360MiB |      0%      Default |\r\n"}
,{"stream_name":"stdout","time":8.645745613999999,"data":"|                                         |                        |                  N/A |\r\n"}
,{"stream_name":"stdout","time":8.645762059,"data":"+-----------------------------------------+------------------------+----------------------+\r\n"}
,{"stream_name":"stdout","time":8.645767101,"data":"\r\n"}
,{"stream_name":"stdout","time":8.645772502,"data":"+-----------------------------------------------------------------------------------------+\r\n"}
,{"stream_name":"stdout","time":8.645777827,"data":"| Processes:                                                                              |\r\n"}
,{"stream_name":"stdout","time":8.645782883,"data":"|  GPU   GI   CI              PID   Type   Process name                        GPU Memory |\r\n"}
,{"stream_name":"stdout","time":8.645788099,"data":"|        ID   ID                                                               Usage      |\r\n"}
,{"stream_name":"stdout","time":8.645793321,"data":"|=========================================================================================|\r\n"}
,{"stream_name":"stdout","time":8.645798603,"data":"|  No running processes found                                                             |\r\n"}
,{"stream_name":"stdout","time":8.645827239,"data":"+-----------------------------------------------------------------------------------------+\r\n"}
,{"stream_name":"stdout","time":9.064702934,"data":"659e19ab4b6d\r\n"}
,{"stream_name":"stdout","time":13.609263203,"data":"python 3.12.13 (main, Mar  4 2026, 09:23:07) [GCC 11.4.0]\n"}
,{"stream_name":"stdout","time":13.609317125,"data":"torch 2.10.0+cu128 cuda True Tesla T4\n"}
,{"stream_name":"stdout","time":13.609323066,"data":"numpy 2.0.2\n"}
,{"stream_name":"stdout","time":13.609327084,"data":"utc now: 2026-07-16T16:24:17.498944+00:00\n"}
,{"stream_name":"stdout","time":13.826561432,"data":"CUDA kernel launch OK: -218.20565795898438 on Tesla T4\n"}
,{"stream_name":"stdout","time":13.919091586,"data":"=== /kaggle/input tree (2 levels) ===\n"}
,{"stream_name":"stdout","time":13.919115142999999,"data":"/kaggle/input/datasets\n"}
,{"stream_name":"stdout","time":13.919144412,"data":"    /kaggle/input/datasets/shishirkandel\n"}
,{"stream_name":"stdout","time":13.91914909,"data":"['configs', 'data.py', 'eval.py', 'losses.py', 'model.py', 'requirements.txt', 'train.py'] ['a.yaml', 'b1.yaml', 'b2.yaml', 'c.yaml', 'd1.yaml', 'd2.yaml', 'e1.yaml', 'e2.yaml', 'f.yaml']\n"}
,{"stream_name":"stdout","time":13.943381107,"data":"DATA root: /kaggle/input/datasets/shishirkandel/hkh-glacier-shards\n"}
,{"stream_name":"stdout","time":13.943399312,"data":"  train: 25 shards\n"}
,{"stream_name":"stdout","time":13.943412712,"data":"  val: 10 shards\n"}
,{"stream_name":"stdout","time":13.943416881,"data":"  test: 9 shards\n"}
,{"stream_name":"stdout","time":13.943420595,"data":"  east: 8 shards\n"}
,{"stream_name":"stdout","time":151.716069053,"data":"epoch   1  loss=0.5895  gIoU=0.0188  dIoU=0.0000  smoothed=0.0094\r\n"}
,{"stream_name":"stdout","time":187.008067233,"data":"epoch   2  loss=0.5837  gIoU=0.0000  dIoU=0.0000  smoothed=0.0047\r\n"}
,{"stream_name":"stdout","time":223.032618815,"data":"epoch   3  loss=0.5752  gIoU=0.0000  dIoU=0.0000  smoothed=0.0031\r\n"}
,{"stream_name":"stdout","time":258.522772538,"data":"epoch   4  loss=0.5215  gIoU=0.0188  dIoU=0.0000  smoothed=0.0031\r\n"}
,{"stream_name":"stdout","time":294.815929077,"data":"epoch   5  loss=0.5751  gIoU=0.0489  dIoU=0.0000  smoothed=0.0113\r\n"}
,{"stream_name":"stdout","time":331.722624279,"data":"epoch   6  loss=0.5210  gIoU=0.3680  dIoU=0.0000  smoothed=0.0726\r\n"}
,{"stream_name":"stdout","time":367.505318899,"data":"epoch   7  loss=0.4779  gIoU=0.0260  dIoU=0.0000  smoothed=0.0738\r\n"}
,{"stream_name":"stdout","time":403.818889359,"data":"epoch   8  loss=0.5059  gIoU=0.1868  dIoU=0.0000  smoothed=0.0968\r\n"}
,{"stream_name":"stdout","time":440.491833797,"data":"epoch   9  loss=0.4836  gIoU=0.0235  dIoU=0.0000  smoothed=0.0394\r\n"}
,{"stream_name":"stdout","time":476.436276079,"data":"epoch  10  loss=0.4819  gIoU=0.3006  dIoU=0.0000  smoothed=0.0852\r\n"}
,{"stream_name":"stdout","time":512.833930406,"data":"epoch  11  loss=0.4819  gIoU=0.3243  dIoU=0.0000  smoothed=0.1081\r\n"}
,{"stream_name":"stdout","time":549.321934304,"data":"epoch  12  loss=0.5092  gIoU=0.2575  dIoU=0.0000  smoothed=0.1471\r\n"}
,{"stream_name":"stdout","time":585.239596523,"data":"epoch  13  loss=0.4613  gIoU=0.1844  dIoU=0.0000  smoothed=0.1277\r\n"}
,{"stream_name":"stdout","time":621.808751159,"data":"epoch  14  loss=0.4611  gIoU=0.4019  dIoU=0.0000  smoothed=0.1406\r\n"}
,{"stream_name":"stdout","time":658.564719579,"data":"epoch  15  loss=0.4858  gIoU=0.3375  dIoU=0.0000  smoothed=0.1540\r\n"}
,{"stream_name":"stdout","time":694.344122885,"data":"epoch  16  loss=0.5070  gIoU=0.1997  dIoU=0.0000  smoothed=0.1565\r\n"}
,{"stream_name":"stdout","time":730.632242772,"data":"epoch  17  loss=0.4697  gIoU=0.4168  dIoU=0.0000  smoothed=0.1590\r\n"}
,{"stream_name":"stdout","time":767.099192625,"data":"epoch  18  loss=0.4427  gIoU=0.4216  dIoU=0.0000  smoothed=0.1730\r\n"}
,{"stream_name":"stdout","time":802.853930819,"data":"epoch  19  loss=0.4481  gIoU=0.3215  dIoU=0.0000  smoothed=0.1933\r\n"}
,{"stream_name":"stdout","time":839.087079081,"data":"epoch  20  loss=0.4486  gIoU=0.1209  dIoU=0.0000  smoothed=0.1440\r\n"}
,{"stream_name":"stdout","time":875.469442429,"data":"epoch  21  loss=0.4754  gIoU=0.4487  dIoU=0.0000  smoothed=0.1485\r\n"}
,{"stream_name":"stdout","time":911.269627214,"data":"epoch  22  loss=0.4267  gIoU=0.1051  dIoU=0.0000  smoothed=0.1124\r\n"}
,{"stream_name":"stdout","time":947.792377639,"data":"epoch  23  loss=0.4444  gIoU=0.4436  dIoU=0.0000  smoothed=0.1662\r\n"}
,{"stream_name":"stdout","time":984.570743262,"data":"epoch  24  loss=0.4315  gIoU=0.4633  dIoU=0.0000  smoothed=0.1687\r\n"}
,{"stream_name":"stdout","time":1020.490551126,"data":"epoch  25  loss=0.4388  gIoU=0.2025  dIoU=0.0000  smoothed=0.1849\r\n"}
,{"stream_name":"stdout","time":1057.208133282,"data":"epoch  26  loss=0.4350  gIoU=0.2144  dIoU=0.0000  smoothed=0.1467\r\n"}
,{"stream_name":"stdout","time":1093.976003059,"data":"epoch  27  loss=0.4344  gIoU=0.4368  dIoU=0.0000  smoothed=0.1423\r\n"}
,{"stream_name":"stdout","time":1093.976039552,"data":"early stop: no smoothed-score improvement for 8 epochs\r\n"}
,{"stream_name":"stdout","time":1093.976045867,"data":"done: best smoothed score 0.1933 -\u003e /kaggle/working/runs/a/a/best.pt\r\n"}
,{"stream_name":"stdout","time":1125.943834162,"data":"val: gIoU=0.3215 gDice=0.4866 dIoU=0.0000 dRec=0.0000 dPrec=0.0000 macroF1=0.4888 n=283\r\n"}
,{"stream_name":"stdout","time":1129.949379864,"data":"download:  /kaggle/working/rung_a_artifacts.zip\n"}
,{"stream_name":"stderr","time":1133.099686404,"data":"/usr/local/lib/python3.12/dist-packages/mistune.py:435: SyntaxWarning: invalid escape sequence '\\|'\n"}
,{"stream_name":"stderr","time":1133.099722847,"data":"  cells[i][c] = re.sub('\\\\\\\\\\|', '|', cell)\n"}
,{"stream_name":"stderr","time":1133.246465428,"data":"/usr/local/lib/python3.12/dist-packages/nbconvert/filters/filter_links.py:36: SyntaxWarning: invalid escape sequence '\\_'\n"}
,{"stream_name":"stderr","time":1133.246498404,"data":"  text = re.sub(r'_', '\\_', text) # Escape underscores in display text\n"}
,{"stream_name":"stderr","time":1133.834870731,"data":"[NbConvertApp] Converting notebook __notebook__.ipynb to notebook\n"}
,{"stream_name":"stderr","time":1134.149000886,"data":"[NbConvertApp] Writing 17052 bytes to __notebook__.ipynb\n"}
,{"stream_name":"stderr","time":1136.551718134,"data":"[NbConvertApp] Converting notebook __notebook__.ipynb to html\n"}
,{"stream_name":"stderr","time":1137.364693666,"data":"[NbConvertApp] Writing 302599 bytes to __results__.html\n"}
]