[{"stream_name":"stderr","time":7.111732951,"data":"/usr/local/lib/python3.12/dist-packages/nbformat/__init__.py:96: MissingIDFieldWarning: Cell is missing an id field, this will become a hard error in future nbformat versions. You may want to use `normalize()` on your notebooks before validations (available since nbformat 5.1.4). Previous versions of nbformat are fixing this issue transparently, and will stop doing so in the future.\n"}
,{"stream_name":"stderr","time":7.111793598,"data":"  validate(nb)\n"}
,{"stream_name":"stderr","time":8.054156803,"data":"0.00s - Debugger warning: It seems that frozen modules are being used, which may\n"}
,{"stream_name":"stderr","time":8.054197076,"data":"0.00s - make the debugger miss breakpoints. Please pass -Xfrozen_modules=off\n"}
,{"stream_name":"stderr","time":8.054201341,"data":"0.00s - to python to disable frozen modules.\n"}
,{"stream_name":"stderr","time":8.054204286,"data":"0.00s - Note: Debugging will proceed. Set PYDEVD_DISABLE_FILE_VALIDATION=1 to disable this validation.\n"}
,{"stream_name":"stderr","time":8.743614058,"data":"0.00s - Debugger warning: It seems that frozen modules are being used, which may\n"}
,{"stream_name":"stderr","time":8.743654061,"data":"0.00s - make the debugger miss breakpoints. Please pass -Xfrozen_modules=off\n"}
,{"stream_name":"stderr","time":8.743658603,"data":"0.00s - to python to disable frozen modules.\n"}
,{"stream_name":"stderr","time":8.743661724,"data":"0.00s - Note: Debugging will proceed. Set PYDEVD_DISABLE_FILE_VALIDATION=1 to disable this validation.\n"}
,{"stream_name":"stdout","time":10.03530329,"data":"Thu Jul 16 17:44:58 2026       \r\n"}
,{"stream_name":"stdout","time":10.035374546,"data":"+-----------------------------------------------------------------------------------------+\r\n"}
,{"stream_name":"stdout","time":10.035384067,"data":"| NVIDIA-SMI 580.159.04             Driver Version: 580.159.04     CUDA Version: 13.0     |\r\n"}
,{"stream_name":"stdout","time":10.035388603,"data":"+-----------------------------------------+------------------------+----------------------+\r\n"}
,{"stream_name":"stdout","time":10.035393048,"data":"| GPU  Name                 Persistence-M | Bus-Id          Disp.A | Volatile Uncorr. ECC |\r\n"}
,{"stream_name":"stdout","time":10.03540393,"data":"| Fan  Temp   Perf          Pwr:Usage/Cap |           Memory-Usage | GPU-Util  Compute M. |\r\n"}
,{"stream_name":"stdout","time":10.035407049,"data":"|                                         |                        |               MIG M. |\r\n"}
,{"stream_name":"stdout","time":10.035409846,"data":"|=========================================+========================+======================|\r\n"}
,{"stream_name":"stdout","time":10.086170671,"data":"|   0  Tesla T4                       Off |   00000000:00:04.0 Off |                    0 |\r\n"}
,{"stream_name":"stdout","time":10.086207949,"data":"| N/A   48C    P8             10W /   70W |       0MiB /  15360MiB |      0%      Default |\r\n"}
,{"stream_name":"stdout","time":10.086211719,"data":"|                                         |                        |                  N/A |\r\n"}
,{"stream_name":"stdout","time":10.086215761,"data":"+-----------------------------------------+------------------------+----------------------+\r\n"}
,{"stream_name":"stdout","time":10.086234518,"data":"|   1  Tesla T4                       Off |   00000000:00:05.0 Off |                    0 |\r\n"}
,{"stream_name":"stdout","time":10.086239408,"data":"| N/A   54C    P8             13W /   70W |       0MiB /  15360MiB |      0%      Default |\r\n"}
,{"stream_name":"stdout","time":10.086243886,"data":"|                                         |                        |                  N/A |\r\n"}
,{"stream_name":"stdout","time":10.086265695,"data":"+-----------------------------------------+------------------------+----------------------+\r\n"}
,{"stream_name":"stdout","time":10.086270498,"data":"\r\n"}
,{"stream_name":"stdout","time":10.086274307,"data":"+-----------------------------------------------------------------------------------------+\r\n"}
,{"stream_name":"stdout","time":10.086278251,"data":"| Processes:                                                                              |\r\n"}
,{"stream_name":"stdout","time":10.086284438,"data":"|  GPU   GI   CI              PID   Type   Process name                        GPU Memory |\r\n"}
,{"stream_name":"stdout","time":10.086292252,"data":"|        ID   ID                                                               Usage      |\r\n"}
,{"stream_name":"stdout","time":10.086295049,"data":"|=========================================================================================|\r\n"}
,{"stream_name":"stdout","time":10.0862977,"data":"|  No running processes found                                                             |\r\n"}
,{"stream_name":"stdout","time":10.086300374,"data":"+-----------------------------------------------------------------------------------------+\r\n"}
,{"stream_name":"stdout","time":10.527891676,"data":"a62aa7126e00\r\n"}
,{"stream_name":"stdout","time":16.399427145,"data":"python 3.12.13 (main, Mar  4 2026, 09:23:07) [GCC 11.4.0]\n"}
,{"stream_name":"stdout","time":16.399471254,"data":"torch 2.10.0+cu128 cuda True Tesla T4\n"}
,{"stream_name":"stdout","time":16.399479448,"data":"numpy 2.0.2\n"}
,{"stream_name":"stdout","time":16.399485376,"data":"utc now: 2026-07-16T17:45:05.097871+00:00\n"}
,{"stream_name":"stdout","time":16.727831589,"data":"CUDA kernel launch OK: -103.44668579101562 on Tesla T4\n"}
,{"stream_name":"stdout","time":16.824924558,"data":"=== /kaggle/input tree (2 levels) ===\n"}
,{"stream_name":"stdout","time":16.824954556,"data":"/kaggle/input/datasets\n"}
,{"stream_name":"stdout","time":16.824966752999998,"data":"    /kaggle/input/datasets/shishirkandel\n"}
,{"stream_name":"stdout","time":16.824990004,"data":"['configs', 'data.py', 'eval.py', 'losses.py', 'model.py', 'requirements.txt', 'train.py'] ['a.yaml', 'b1.yaml', 'b2.yaml', 'c.yaml', 'd1.yaml', 'd2.yaml', 'e1.yaml', 'e2.yaml', 'f.yaml']\n"}
,{"stream_name":"stdout","time":16.852339,"data":"DATA root: /kaggle/input/datasets/shishirkandel/hkh-glacier-shards\n"}
,{"stream_name":"stdout","time":16.852398132,"data":"  train: 25 shards\n"}
,{"stream_name":"stdout","time":16.852407064,"data":"  val: 10 shards\n"}
,{"stream_name":"stdout","time":16.852415937,"data":"  test: 9 shards\n"}
,{"stream_name":"stdout","time":16.852420132,"data":"  east: 8 shards\n"}
,{"stream_name":"stdout","time":164.292585175,"data":"epoch   1  loss=0.4374  gIoU=0.5127  dIoU=0.0000  smoothed=0.2564\r\n"}
,{"stream_name":"stdout","time":210.61889972,"data":"epoch   2  loss=0.3911  gIoU=0.5652  dIoU=0.0035  smoothed=0.2704\r\n"}
,{"stream_name":"stdout","time":257.645725791,"data":"epoch   3  loss=0.3412  gIoU=0.5524  dIoU=0.0012  smoothed=0.2725\r\n"}
,{"stream_name":"stdout","time":304.15372474,"data":"epoch   4  loss=0.3723  gIoU=0.5293  dIoU=0.0145  smoothed=0.2777\r\n"}
,{"stream_name":"stdout","time":351.238593619,"data":"epoch   5  loss=0.3563  gIoU=0.5311  dIoU=0.0275  smoothed=0.2760\r\n"}
,{"stream_name":"stdout","time":398.533881241,"data":"epoch   6  loss=0.3489  gIoU=0.5694  dIoU=0.0248  smoothed=0.2828\r\n"}
,{"stream_name":"stdout","time":445.562236242,"data":"epoch   7  loss=0.3507  gIoU=0.5219  dIoU=0.0165  smoothed=0.2819\r\n"}
,{"stream_name":"stdout","time":492.226961548,"data":"epoch   8  loss=0.3738  gIoU=0.2946  dIoU=0.0000  smoothed=0.2379\r\n"}
,{"stream_name":"stdout","time":539.230304676,"data":"epoch   9  loss=0.3461  gIoU=0.5247  dIoU=0.0938  smoothed=0.2419\r\n"}
,{"stream_name":"stdout","time":586.86738038,"data":"epoch  10  loss=0.3429  gIoU=0.4355  dIoU=0.0113  smoothed=0.2266\r\n"}
,{"stream_name":"stdout","time":635.209579318,"data":"epoch  11  loss=0.3280  gIoU=0.5685  dIoU=0.0070  smoothed=0.2734\r\n"}
,{"stream_name":"stdout","time":683.819328449,"data":"epoch  12  loss=0.3370  gIoU=0.5643  dIoU=0.0521  smoothed=0.2731\r\n"}
,{"stream_name":"stdout","time":730.533425033,"data":"epoch  13  loss=0.3475  gIoU=0.5265  dIoU=0.0360  smoothed=0.2924\r\n"}
,{"stream_name":"stdout","time":778.093183008,"data":"epoch  14  loss=0.3291  gIoU=0.5749  dIoU=0.0829  smoothed=0.3061\r\n"}
,{"stream_name":"stdout","time":825.114232356,"data":"epoch  15  loss=0.3304  gIoU=0.5680  dIoU=0.0664  smoothed=0.3091\r\n"}
,{"stream_name":"stdout","time":872.432113941,"data":"epoch  16  loss=0.3241  gIoU=0.5487  dIoU=0.0095  smoothed=0.3084\r\n"}
,{"stream_name":"stdout","time":919.937166457,"data":"epoch  17  loss=0.3504  gIoU=0.5671  dIoU=0.0171  smoothed=0.2961\r\n"}
,{"stream_name":"stdout","time":967.36460712,"data":"epoch  18  loss=0.3505  gIoU=0.5516  dIoU=0.0131  smoothed=0.2845\r\n"}
,{"stream_name":"stdout","time":1015.929656679,"data":"epoch  19  loss=0.3386  gIoU=0.5433  dIoU=0.0229  smoothed=0.2858\r\n"}
,{"stream_name":"stdout","time":1063.199256728,"data":"epoch  20  loss=0.3337  gIoU=0.5522  dIoU=0.0230  smoothed=0.2843\r\n"}
,{"stream_name":"stdout","time":1110.251592658,"data":"epoch  21  loss=0.3164  gIoU=0.5727  dIoU=0.0141  smoothed=0.2880\r\n"}
,{"stream_name":"stdout","time":1158.039864686,"data":"epoch  22  loss=0.3142  gIoU=0.5516  dIoU=0.0730  smoothed=0.2978\r\n"}
,{"stream_name":"stdout","time":1205.681559121,"data":"epoch  23  loss=0.3221  gIoU=0.5229  dIoU=0.0083  smoothed=0.2904\r\n"}
,{"stream_name":"stdout","time":1205.681602215,"data":"early stop: no smoothed-score improvement for 8 epochs\r\n"}
,{"stream_name":"stdout","time":1205.681609704,"data":"done: best smoothed score 0.3091 -\u003e /kaggle/working/runs/b2/b2/best.pt\r\n"}
,{"stream_name":"stdout","time":1244.618332994,"data":"val: gIoU=0.5680 gDice=0.7245 dIoU=0.0664 dRec=0.0742 dPrec=0.3861 macroF1=0.6106 n=283\r\n"}
,{"stream_name":"stdout","time":1249.306968731,"data":"download:  /kaggle/working/rung_b2_artifacts.zip\n"}
,{"stream_name":"stderr","time":1253.301089668,"data":"/usr/local/lib/python3.12/dist-packages/mistune.py:435: SyntaxWarning: invalid escape sequence '\\|'\n"}
,{"stream_name":"stderr","time":1253.30114256,"data":"  cells[i][c] = re.sub('\\\\\\\\\\|', '|', cell)\n"}
,{"stream_name":"stderr","time":1253.494457193,"data":"/usr/local/lib/python3.12/dist-packages/nbconvert/filters/filter_links.py:36: SyntaxWarning: invalid escape sequence '\\_'\n"}
,{"stream_name":"stderr","time":1253.494493973,"data":"  text = re.sub(r'_', '\\_', text) # Escape underscores in display text\n"}
,{"stream_name":"stderr","time":1254.243295994,"data":"[NbConvertApp] Converting notebook __notebook__.ipynb to notebook\n"}
,{"stream_name":"stderr","time":1254.612867192,"data":"[NbConvertApp] Writing 16740 bytes to __notebook__.ipynb\n"}
,{"stream_name":"stderr","time":1257.491800255,"data":"[NbConvertApp] Converting notebook __notebook__.ipynb to html\n"}
,{"stream_name":"stderr","time":1258.505415797,"data":"[NbConvertApp] Writing 302335 bytes to __results__.html\n"}
]