[{"stream_name":"stderr","time":6.065710221,"data":"/usr/local/lib/python3.12/dist-packages/nbformat/__init__.py:96: MissingIDFieldWarning: Cell is missing an id field, this will become a hard error in future nbformat versions. You may want to use `normalize()` on your notebooks before validations (available since nbformat 5.1.4). Previous versions of nbformat are fixing this issue transparently, and will stop doing so in the future.\n"}
,{"stream_name":"stderr","time":6.065767863,"data":"  validate(nb)\n"}
,{"stream_name":"stderr","time":6.88601311,"data":"0.00s - Debugger warning: It seems that frozen modules are being used, which may\n"}
,{"stream_name":"stderr","time":6.886042323,"data":"0.00s - make the debugger miss breakpoints. Please pass -Xfrozen_modules=off\n"}
,{"stream_name":"stderr","time":6.886047463,"data":"0.00s - to python to disable frozen modules.\n"}
,{"stream_name":"stderr","time":6.886051766,"data":"0.00s - Note: Debugging will proceed. Set PYDEVD_DISABLE_FILE_VALIDATION=1 to disable this validation.\n"}
,{"stream_name":"stderr","time":7.501020881,"data":"0.00s - Debugger warning: It seems that frozen modules are being used, which may\n"}
,{"stream_name":"stderr","time":7.501057593,"data":"0.00s - make the debugger miss breakpoints. Please pass -Xfrozen_modules=off\n"}
,{"stream_name":"stderr","time":7.501063436,"data":"0.00s - to python to disable frozen modules.\n"}
,{"stream_name":"stderr","time":7.501083491,"data":"0.00s - Note: Debugging will proceed. Set PYDEVD_DISABLE_FILE_VALIDATION=1 to disable this validation.\n"}
,{"stream_name":"stdout","time":8.63964019,"data":"Fri Jul 17 06:36:50 2026       \r\n"}
,{"stream_name":"stdout","time":8.639686285,"data":"+-----------------------------------------------------------------------------------------+\r\n"}
,{"stream_name":"stdout","time":8.639693965,"data":"| NVIDIA-SMI 580.159.04             Driver Version: 580.159.04     CUDA Version: 13.0     |\r\n"}
,{"stream_name":"stdout","time":8.639699372,"data":"+-----------------------------------------+------------------------+----------------------+\r\n"}
,{"stream_name":"stdout","time":8.639706743,"data":"| GPU  Name                 Persistence-M | Bus-Id          Disp.A | Volatile Uncorr. ECC |\r\n"}
,{"stream_name":"stdout","time":8.639715812,"data":"| Fan  Temp   Perf          Pwr:Usage/Cap |           Memory-Usage | GPU-Util  Compute M. |\r\n"}
,{"stream_name":"stdout","time":8.639719495,"data":"|                                         |                        |               MIG M. |\r\n"}
,{"stream_name":"stdout","time":8.639723157,"data":"|=========================================+========================+======================|\r\n"}
,{"stream_name":"stdout","time":8.690315226,"data":"|   0  Tesla T4                       Off |   00000000:00:04.0 Off |                    0 |\r\n"}
,{"stream_name":"stdout","time":8.690342974,"data":"| N/A   56C    P8             10W /   70W |       0MiB /  15360MiB |      0%      Default |\r\n"}
,{"stream_name":"stdout","time":8.690347656,"data":"|                                         |                        |                  N/A |\r\n"}
,{"stream_name":"stdout","time":8.690351548,"data":"+-----------------------------------------+------------------------+----------------------+\r\n"}
,{"stream_name":"stdout","time":8.690370373,"data":"|   1  Tesla T4                       Off |   00000000:00:05.0 Off |                    0 |\r\n"}
,{"stream_name":"stdout","time":8.690376582,"data":"| N/A   59C    P8             10W /   70W |       0MiB /  15360MiB |      0%      Default |\r\n"}
,{"stream_name":"stdout","time":8.690382658,"data":"|                                         |                        |                  N/A |\r\n"}
,{"stream_name":"stdout","time":8.690400174,"data":"+-----------------------------------------+------------------------+----------------------+\r\n"}
,{"stream_name":"stdout","time":8.690404634,"data":"\r\n"}
,{"stream_name":"stdout","time":8.690408224,"data":"+-----------------------------------------------------------------------------------------+\r\n"}
,{"stream_name":"stdout","time":8.690411967,"data":"| Processes:                                                                              |\r\n"}
,{"stream_name":"stdout","time":8.690415694,"data":"|  GPU   GI   CI              PID   Type   Process name                        GPU Memory |\r\n"}
,{"stream_name":"stdout","time":8.690421177,"data":"|        ID   ID                                                               Usage      |\r\n"}
,{"stream_name":"stdout","time":8.690427734,"data":"|=========================================================================================|\r\n"}
,{"stream_name":"stdout","time":8.690430246,"data":"|  No running processes found                                                             |\r\n"}
,{"stream_name":"stdout","time":8.690432746,"data":"+-----------------------------------------------------------------------------------------+\r\n"}
,{"stream_name":"stdout","time":9.127517719,"data":"91cbfb9c382f\r\n"}
,{"stream_name":"stdout","time":14.369380892,"data":"python 3.12.13 (main, Mar  4 2026, 09:23:07) [GCC 11.4.0]\n"}
,{"stream_name":"stdout","time":14.36942108,"data":"torch 2.10.0+cu128 cuda True Tesla T4\n"}
,{"stream_name":"stdout","time":14.369439339,"data":"numpy 2.0.2\n"}
,{"stream_name":"stdout","time":14.369444245,"data":"utc now: 2026-07-17T06:36:55.862164+00:00\n"}
,{"stream_name":"stdout","time":14.666722165,"data":"CUDA kernel launch OK: -425.30792236328125 on Tesla T4\n"}
,{"stream_name":"stdout","time":14.800342656,"data":"=== /kaggle/input tree (2 levels) ===\n"}
,{"stream_name":"stdout","time":14.800371101,"data":"/kaggle/input/datasets\n"}
,{"stream_name":"stdout","time":14.800377425,"data":"    /kaggle/input/datasets/shishirkandel\n"}
,{"stream_name":"stdout","time":14.800382717,"data":"['configs', 'data.py', 'eval.py', 'losses.py', 'model.py', 'requirements.txt', 'train.py'] ['a.yaml', 'b1.yaml', 'b2.yaml', 'c.yaml', 'd1.yaml', 'd2.yaml', 'd2b.yaml', 'e1.yaml', 'e2.yaml', 'f.yaml', 'final.yaml']\n"}
,{"stream_name":"stdout","time":14.824476583,"data":"DATA root: /kaggle/input/datasets/shishirkandel/hkh-glacier-shards\n"}
,{"stream_name":"stdout","time":14.824499399,"data":"  train: 25 shards\n"}
,{"stream_name":"stdout","time":14.82450734,"data":"  val: 10 shards\n"}
,{"stream_name":"stdout","time":14.824515637,"data":"  test: 9 shards\n"}
,{"stream_name":"stdout","time":14.824519152,"data":"  east: 8 shards\n"}
,{"stream_name":"stdout","time":165.195219765,"data":"epoch   1  loss=2.3834  gIoU=0.5207  dIoU=0.0554  smoothed=0.2881\r\n"}
,{"stream_name":"stdout","time":209.016120577,"data":"epoch   2  loss=2.0162  gIoU=0.5138  dIoU=0.1164  smoothed=0.3016\r\n"}
,{"stream_name":"stdout","time":253.418548273,"data":"epoch   3  loss=1.8325  gIoU=0.5469  dIoU=0.0786  smoothed=0.3053\r\n"}
,{"stream_name":"stdout","time":297.843056467,"data":"epoch   4  loss=1.8786  gIoU=0.6183  dIoU=0.1659  smoothed=0.3400\r\n"}
,{"stream_name":"stdout","time":342.079091509,"data":"epoch   5  loss=1.8257  gIoU=0.5699  dIoU=0.0669  smoothed=0.3411\r\n"}
,{"stream_name":"stdout","time":386.563935472,"data":"epoch   6  loss=1.7258  gIoU=0.5446  dIoU=0.1920  smoothed=0.3596\r\n"}
,{"stream_name":"stdout","time":430.57019139,"data":"epoch   7  loss=1.7014  gIoU=0.5896  dIoU=0.1632  smoothed=0.3544\r\n"}
,{"stream_name":"stdout","time":474.785610454,"data":"epoch   8  loss=1.6360  gIoU=0.5583  dIoU=0.1588  smoothed=0.3678\r\n"}
,{"stream_name":"stdout","time":519.47500803,"data":"epoch   9  loss=1.6380  gIoU=0.6023  dIoU=0.2056  smoothed=0.3796\r\n"}
,{"stream_name":"stdout","time":563.636069394,"data":"epoch  10  loss=1.7073  gIoU=0.5637  dIoU=0.1840  smoothed=0.3788\r\n"}
,{"stream_name":"stdout","time":608.091682946,"data":"epoch  11  loss=1.6663  gIoU=0.5830  dIoU=0.2034  smoothed=0.3903\r\n"}
,{"stream_name":"stdout","time":652.531922637,"data":"epoch  12  loss=1.6551  gIoU=0.6064  dIoU=0.1423  smoothed=0.3805\r\n"}
,{"stream_name":"stdout","time":696.687135308,"data":"epoch  13  loss=1.6481  gIoU=0.6019  dIoU=0.1175  smoothed=0.3758\r\n"}
,{"stream_name":"stdout","time":741.300264788,"data":"epoch  14  loss=1.6591  gIoU=0.6244  dIoU=0.2154  smoothed=0.3846\r\n"}
,{"stream_name":"stdout","time":785.762309518,"data":"epoch  15  loss=1.6757  gIoU=0.6243  dIoU=0.1749  smoothed=0.3931\r\n"}
,{"stream_name":"stdout","time":830.193597049,"data":"epoch  16  loss=1.6350  gIoU=0.6445  dIoU=0.2413  smoothed=0.4208\r\n"}
,{"stream_name":"stdout","time":875.349577119,"data":"epoch  17  loss=1.5614  gIoU=0.6334  dIoU=0.1443  smoothed=0.4105\r\n"}
,{"stream_name":"stdout","time":919.766684183,"data":"epoch  18  loss=1.5851  gIoU=0.6244  dIoU=0.1955  smoothed=0.4139\r\n"}
,{"stream_name":"stdout","time":964.39856161,"data":"epoch  19  loss=1.5746  gIoU=0.5979  dIoU=0.1207  smoothed=0.3860\r\n"}
,{"stream_name":"stdout","time":1009.088804939,"data":"epoch  20  loss=1.5678  gIoU=0.6440  dIoU=0.2988  smoothed=0.4135\r\n"}
,{"stream_name":"stdout","time":1053.37773172,"data":"epoch  21  loss=1.4883  gIoU=0.6547  dIoU=0.1980  smoothed=0.4190\r\n"}
,{"stream_name":"stdout","time":1098.057932111,"data":"epoch  22  loss=1.5210  gIoU=0.6013  dIoU=0.1816  smoothed=0.4297\r\n"}
,{"stream_name":"stdout","time":1142.616395965,"data":"epoch  23  loss=1.5467  gIoU=0.6272  dIoU=0.2180  smoothed=0.4135\r\n"}
,{"stream_name":"stdout","time":1187.408853503,"data":"epoch  24  loss=1.4135  gIoU=0.6283  dIoU=0.2072  smoothed=0.4106\r\n"}
,{"stream_name":"stdout","time":1231.852492644,"data":"epoch  25  loss=1.5222  gIoU=0.5876  dIoU=0.2080  smoothed=0.4127\r\n"}
,{"stream_name":"stdout","time":1276.104616641,"data":"epoch  26  loss=1.4918  gIoU=0.6121  dIoU=0.2030  smoothed=0.4077\r\n"}
,{"stream_name":"stdout","time":1320.819215074,"data":"epoch  27  loss=1.5166  gIoU=0.6584  dIoU=0.2223  smoothed=0.4152\r\n"}
,{"stream_name":"stdout","time":1365.522609311,"data":"epoch  28  loss=1.5122  gIoU=0.6094  dIoU=0.1940  smoothed=0.4165\r\n"}
,{"stream_name":"stdout","time":1410.516480205,"data":"epoch  29  loss=1.4454  gIoU=0.6694  dIoU=0.2181  smoothed=0.4286\r\n"}
,{"stream_name":"stdout","time":1455.726128863,"data":"epoch  30  loss=1.4115  gIoU=0.6653  dIoU=0.2592  smoothed=0.4359\r\n"}
,{"stream_name":"stdout","time":1500.241209034,"data":"epoch  31  loss=1.4458  gIoU=0.6584  dIoU=0.2277  smoothed=0.4497\r\n"}
,{"stream_name":"stdout","time":1544.879437112,"data":"epoch  32  loss=1.5109  gIoU=0.6550  dIoU=0.2343  smoothed=0.4500\r\n"}
,{"stream_name":"stdout","time":1589.2287955,"data":"epoch  33  loss=1.4403  gIoU=0.6526  dIoU=0.1906  smoothed=0.4364\r\n"}
,{"stream_name":"stdout","time":1634.701614968,"data":"epoch  34  loss=1.3887  gIoU=0.5989  dIoU=0.1415  smoothed=0.4122\r\n"}
,{"stream_name":"stdout","time":1679.429014503,"data":"epoch  35  loss=1.4717  gIoU=0.6540  dIoU=0.2180  smoothed=0.4093\r\n"}
,{"stream_name":"stdout","time":1724.044818593,"data":"epoch  36  loss=1.4577  gIoU=0.6391  dIoU=0.1691  smoothed=0.4034\r\n"}
,{"stream_name":"stdout","time":1768.685932017,"data":"epoch  37  loss=1.4921  gIoU=0.6546  dIoU=0.2433  smoothed=0.4297\r\n"}
,{"stream_name":"stdout","time":1813.242745816,"data":"epoch  38  loss=1.4763  gIoU=0.6626  dIoU=0.2268  smoothed=0.4326\r\n"}
,{"stream_name":"stdout","time":1857.687201433,"data":"epoch  39  loss=1.4139  gIoU=0.6486  dIoU=0.1869  smoothed=0.4371\r\n"}
,{"stream_name":"stdout","time":1902.101430625,"data":"epoch  40  loss=1.4383  gIoU=0.6604  dIoU=0.1698  smoothed=0.4258\r\n"}
,{"stream_name":"stdout","time":1946.581365612,"data":"epoch  41  loss=1.4116  gIoU=0.6660  dIoU=0.2262  smoothed=0.4263\r\n"}
,{"stream_name":"stdout","time":1990.987833452,"data":"epoch  42  loss=1.3650  gIoU=0.6540  dIoU=0.2280  smoothed=0.4341\r\n"}
,{"stream_name":"stdout","time":1990.987861299,"data":"early stop: no smoothed-score improvement for 10 epochs\r\n"}
,{"stream_name":"stdout","time":1990.987867902,"data":"done: best smoothed score 0.4500 -\u003e /kaggle/working/runs/final/final/best.pt\r\n"}
,{"stream_name":"stdout","time":2027.000485744,"data":"val: gIoU=0.6550 gDice=0.7916 dIoU=0.2343 dRec=0.3142 dPrec=0.4795 macroF1=0.7162 distMAE=4.30px n=283\r\n"}
,{"stream_name":"stdout","time":2027.840156427,"data":"\n"}
,{"stream_name":"stdout","time":2027.840192943,"data":"=== ONE-SHOT TEST EVALUATION (contract clause 4) ===\n"}
,{"stream_name":"stdout","time":2071.98201002,"data":"test: gIoU=0.4020 gDice=0.5735 dIoU=0.1320 dRec=0.3832 dPrec=0.1675 macroF1=0.5951 distMAE=5.23px n=315\r\n"}
,{"stream_name":"stdout","time":2072.822851726,"data":"\n"}
,{"stream_name":"stdout","time":2072.822887622,"data":"=== ONE-SHOT EAST OOD EVALUATION (contract clause 3) ===\n"}
,{"stream_name":"stdout","time":2116.221799255,"data":"east: gIoU=0.4942 gDice=0.6615 dIoU=0.1929 dRec=0.2177 dPrec=0.6296 macroF1=0.6653 distMAE=2.62px n=293\r\n"}
,{"stream_name":"stdout","time":2120.459989433,"data":"download:  /kaggle/working/rung_final_artifacts.zip\n"}
,{"stream_name":"stderr","time":2123.746627575,"data":"/usr/local/lib/python3.12/dist-packages/mistune.py:435: SyntaxWarning: invalid escape sequence '\\|'\n"}
,{"stream_name":"stderr","time":2123.746658546,"data":"  cells[i][c] = re.sub('\\\\\\\\\\|', '|', cell)\n"}
,{"stream_name":"stderr","time":2123.919006843,"data":"/usr/local/lib/python3.12/dist-packages/nbconvert/filters/filter_links.py:36: SyntaxWarning: invalid escape sequence '\\_'\n"}
,{"stream_name":"stderr","time":2123.919033167,"data":"  text = re.sub(r'_', '\\_', text) # Escape underscores in display text\n"}
,{"stream_name":"stderr","time":2124.580321837,"data":"[NbConvertApp] Converting notebook __notebook__.ipynb to notebook\n"}
,{"stream_name":"stderr","time":2124.909684895,"data":"[NbConvertApp] Writing 19103 bytes to __notebook__.ipynb\n"}
,{"stream_name":"stderr","time":2127.377838452,"data":"[NbConvertApp] Converting notebook __notebook__.ipynb to html\n"}
,{"stream_name":"stderr","time":2128.222794149,"data":"[NbConvertApp] Writing 305857 bytes to __results__.html\n"}
]