[{"stream_name":"stderr","time":5.55576131,"data":"/usr/local/lib/python3.12/dist-packages/nbformat/__init__.py:96: MissingIDFieldWarning: Cell is missing an id field, this will become a hard error in future nbformat versions. You may want to use `normalize()` on your notebooks before validations (available since nbformat 5.1.4). Previous versions of nbformat are fixing this issue transparently, and will stop doing so in the future.\n"}
,{"stream_name":"stderr","time":5.555835612,"data":"  validate(nb)\n"}
,{"stream_name":"stderr","time":6.313580883,"data":"0.00s - Debugger warning: It seems that frozen modules are being used, which may\n"}
,{"stream_name":"stderr","time":6.313610074,"data":"0.00s - make the debugger miss breakpoints. Please pass -Xfrozen_modules=off\n"}
,{"stream_name":"stderr","time":6.313614021,"data":"0.00s - to python to disable frozen modules.\n"}
,{"stream_name":"stderr","time":6.313616523,"data":"0.00s - Note: Debugging will proceed. Set PYDEVD_DISABLE_FILE_VALIDATION=1 to disable this validation.\n"}
,{"stream_name":"stderr","time":6.877644097,"data":"0.00s - Debugger warning: It seems that frozen modules are being used, which may\n"}
,{"stream_name":"stderr","time":6.877672237,"data":"0.00s - make the debugger miss breakpoints. Please pass -Xfrozen_modules=off\n"}
,{"stream_name":"stderr","time":6.877676743,"data":"0.00s - to python to disable frozen modules.\n"}
,{"stream_name":"stderr","time":6.87768036,"data":"0.00s - Note: Debugging will proceed. Set PYDEVD_DISABLE_FILE_VALIDATION=1 to disable this validation.\n"}
,{"stream_name":"stdout","time":7.970535237,"data":"Thu Jul 16 17:04:27 2026       \r\n"}
,{"stream_name":"stdout","time":7.970577871,"data":"+-----------------------------------------------------------------------------------------+\r\n"}
,{"stream_name":"stdout","time":7.970601325,"data":"| NVIDIA-SMI 580.159.04             Driver Version: 580.159.04     CUDA Version: 13.0     |\r\n"}
,{"stream_name":"stdout","time":7.970606045,"data":"+-----------------------------------------+------------------------+----------------------+\r\n"}
,{"stream_name":"stdout","time":7.97061035,"data":"| GPU  Name                 Persistence-M | Bus-Id          Disp.A | Volatile Uncorr. ECC |\r\n"}
,{"stream_name":"stdout","time":7.97061464,"data":"| Fan  Temp   Perf          Pwr:Usage/Cap |           Memory-Usage | GPU-Util  Compute M. |\r\n"}
,{"stream_name":"stdout","time":7.970618828,"data":"|                                         |                        |               MIG M. |\r\n"}
,{"stream_name":"stdout","time":7.970622978,"data":"|=========================================+========================+======================|\r\n"}
,{"stream_name":"stdout","time":8.021471451,"data":"|   0  Tesla T4                       Off |   00000000:00:04.0 Off |                    0 |\r\n"}
,{"stream_name":"stdout","time":8.021503588,"data":"| N/A   38C    P8             11W /   70W |       0MiB /  15360MiB |      0%      Default |\r\n"}
,{"stream_name":"stdout","time":8.021507368,"data":"|                                         |                        |                  N/A |\r\n"}
,{"stream_name":"stdout","time":8.021511029,"data":"+-----------------------------------------+------------------------+----------------------+\r\n"}
,{"stream_name":"stdout","time":8.021533557,"data":"|   1  Tesla T4                       Off |   00000000:00:05.0 Off |                    0 |\r\n"}
,{"stream_name":"stdout","time":8.021538427,"data":"| N/A   38C    P8             12W /   70W |       0MiB /  15360MiB |      0%      Default |\r\n"}
,{"stream_name":"stdout","time":8.021542617,"data":"|                                         |                        |                  N/A |\r\n"}
,{"stream_name":"stdout","time":8.021565114,"data":"+-----------------------------------------+------------------------+----------------------+\r\n"}
,{"stream_name":"stdout","time":8.021569357,"data":"\r\n"}
,{"stream_name":"stdout","time":8.021572826,"data":"+-----------------------------------------------------------------------------------------+\r\n"}
,{"stream_name":"stdout","time":8.021576696,"data":"| Processes:                                                                              |\r\n"}
,{"stream_name":"stdout","time":8.021580568,"data":"|  GPU   GI   CI              PID   Type   Process name                        GPU Memory |\r\n"}
,{"stream_name":"stdout","time":8.021589396,"data":"|        ID   ID                                                               Usage      |\r\n"}
,{"stream_name":"stdout","time":8.021592453,"data":"|=========================================================================================|\r\n"}
,{"stream_name":"stdout","time":8.021594915,"data":"|  No running processes found                                                             |\r\n"}
,{"stream_name":"stdout","time":8.021597496,"data":"+-----------------------------------------------------------------------------------------+\r\n"}
,{"stream_name":"stdout","time":8.452949495,"data":"7bf1df9f7fc1\r\n"}
,{"stream_name":"stdout","time":12.75659985,"data":"python 3.12.13 (main, Mar  4 2026, 09:23:07) [GCC 11.4.0]\n"}
,{"stream_name":"stdout","time":12.756639671,"data":"torch 2.10.0+cu128 cuda True Tesla T4\n"}
,{"stream_name":"stdout","time":12.756646016,"data":"numpy 2.0.2\n"}
,{"stream_name":"stdout","time":12.756650373,"data":"utc now: 2026-07-16T17:04:31.663495+00:00\n"}
,{"stream_name":"stdout","time":12.978948179,"data":"CUDA kernel launch OK: 434.7674560546875 on Tesla T4\n"}
,{"stream_name":"stdout","time":13.149045203,"data":"=== /kaggle/input tree (2 levels) ===\n"}
,{"stream_name":"stdout","time":13.149070662,"data":"/kaggle/input/datasets\n"}
,{"stream_name":"stdout","time":13.149075125,"data":"    /kaggle/input/datasets/shishirkandel\n"}
,{"stream_name":"stdout","time":13.149078433,"data":"['configs', 'data.py', 'eval.py', 'losses.py', 'model.py', 'requirements.txt', 'train.py'] ['a.yaml', 'b1.yaml', 'b2.yaml', 'c.yaml', 'd1.yaml', 'd2.yaml', 'e1.yaml', 'e2.yaml', 'f.yaml']\n"}
,{"stream_name":"stdout","time":13.179312505,"data":"DATA root: /kaggle/input/datasets/shishirkandel/hkh-glacier-shards\n"}
,{"stream_name":"stdout","time":13.182486786,"data":"  train: 25 shards\n"}
,{"stream_name":"stdout","time":13.182509367,"data":"  val: 10 shards\n"}
,{"stream_name":"stdout","time":13.182514482,"data":"  test: 9 shards\n"}
,{"stream_name":"stdout","time":13.182518987,"data":"  east: 8 shards\n"}
,{"stream_name":"stdout","time":136.843528721,"data":"epoch   1  loss=0.5553  gIoU=0.2874  dIoU=0.0000  smoothed=0.1437\r\n"}
,{"stream_name":"stdout","time":171.886388391,"data":"epoch   2  loss=0.5453  gIoU=0.0070  dIoU=0.0000  smoothed=0.0736\r\n"}
,{"stream_name":"stdout","time":206.917720841,"data":"epoch   3  loss=0.5119  gIoU=0.0025  dIoU=0.0000  smoothed=0.0495\r\n"}
,{"stream_name":"stdout","time":242.395378662,"data":"epoch   4  loss=0.4825  gIoU=0.1184  dIoU=0.0000  smoothed=0.0213\r\n"}
,{"stream_name":"stdout","time":277.919586298,"data":"epoch   5  loss=0.4660  gIoU=0.1449  dIoU=0.0000  smoothed=0.0443\r\n"}
,{"stream_name":"stdout","time":313.530287758,"data":"epoch   6  loss=0.4983  gIoU=0.2758  dIoU=0.0000  smoothed=0.0898\r\n"}
,{"stream_name":"stdout","time":349.028499695,"data":"epoch   7  loss=0.4587  gIoU=0.0980  dIoU=0.0000  smoothed=0.0864\r\n"}
,{"stream_name":"stdout","time":384.542087786,"data":"epoch   8  loss=0.4701  gIoU=0.1415  dIoU=0.0000  smoothed=0.0859\r\n"}
,{"stream_name":"stdout","time":420.505477788,"data":"epoch   9  loss=0.4396  gIoU=0.4364  dIoU=0.0000  smoothed=0.1127\r\n"}
,{"stream_name":"stdout","time":420.505515477,"data":"early stop: no smoothed-score improvement for 8 epochs\r\n"}
,{"stream_name":"stdout","time":420.505522531,"data":"done: best smoothed score 0.1437 -\u003e /kaggle/working/runs/b1/b1/best.pt\r\n"}
,{"stream_name":"stdout","time":452.737091042,"data":"val: gIoU=0.2874 gDice=0.4465 dIoU=0.0000 dRec=0.0000 dPrec=0.0000 macroF1=0.4581 n=283\r\n"}
,{"stream_name":"stdout","time":456.721021804,"data":"download:  /kaggle/working/rung_b1_artifacts.zip\n"}
,{"stream_name":"stderr","time":459.667236752,"data":"/usr/local/lib/python3.12/dist-packages/mistune.py:435: SyntaxWarning: invalid escape sequence '\\|'\n"}
,{"stream_name":"stderr","time":459.667274009,"data":"  cells[i][c] = re.sub('\\\\\\\\\\|', '|', cell)\n"}
,{"stream_name":"stderr","time":459.808386337,"data":"/usr/local/lib/python3.12/dist-packages/nbconvert/filters/filter_links.py:36: SyntaxWarning: invalid escape sequence '\\_'\n"}
,{"stream_name":"stderr","time":459.808415754,"data":"  text = re.sub(r'_', '\\_', text) # Escape underscores in display text\n"}
,{"stream_name":"stderr","time":460.386256039,"data":"[NbConvertApp] Converting notebook __notebook__.ipynb to notebook\n"}
,{"stream_name":"stderr","time":460.692559497,"data":"[NbConvertApp] Writing 15630 bytes to __notebook__.ipynb\n"}
,{"stream_name":"stderr","time":463.036825568,"data":"[NbConvertApp] Converting notebook __notebook__.ipynb to html\n"}
,{"stream_name":"stderr","time":463.830747864,"data":"[NbConvertApp] Writing 301395 bytes to __results__.html\n"}
]